CCS PCM C Compiler, Version 5.061, 56587               06-ene.-20 00:29

               Filename:   C:\Users\NICOLAS\Documents\WorkspacePIC\PWM_CAMINADORA\PWM_16F628A.lst

               ROM used:   1115 words (54%)
                           Largest free fragment is 933
               RAM used:   11 (5%) at main() level
                           26 (12%) worst case
               Stack used: 1 locations
               Stack size: 8

*
0000:  MOVLW  02
0001:  MOVWF  0A
0002:  GOTO   22C
0003:  NOP
.................... #include <16F628A.h> 
.................... //////////// Standard Header file for the PIC16F628A device //////////////// 
.................... /////////////////////////////////////////////////////////////////////////// 
.................... ////        (C) Copyright 1996, 2014 Custom Computer Services          //// 
.................... //// This source code may only be used by licensed users of the CCS C  //// 
.................... //// compiler.  This source code may only be distributed to other      //// 
.................... //// licensed users of the CCS C compiler.  No other use, reproduction //// 
.................... //// or distribution is permitted without written permission.          //// 
.................... //// Derivative programs created using this software in object code    //// 
.................... //// form are not restricted in any way.                               //// 
.................... /////////////////////////////////////////////////////////////////////////// 
.................... #device PIC16F628A 
0004:  MOVF   25,W
0005:  BTFSC  03.2
0006:  GOTO   074
0007:  MOVWF  2D
0008:  MOVF   29,W
0009:  BTFSC  03.2
000A:  GOTO   074
000B:  ADDWF  2D,F
000C:  BTFSC  03.0
000D:  GOTO   015
000E:  MOVLW  7F
000F:  SUBWF  2D,F
0010:  BTFSS  03.0
0011:  GOTO   074
0012:  BTFSC  03.2
0013:  GOTO   074
0014:  GOTO   019
0015:  MOVLW  81
0016:  ADDWF  2D,F
0017:  BTFSC  03.0
0018:  GOTO   074
0019:  MOVF   2D,W
001A:  MOVWF  77
001B:  CLRF   78
001C:  CLRF   79
001D:  CLRF   7A
001E:  MOVF   26,W
001F:  MOVWF  31
0020:  BSF    31.7
0021:  MOVF   27,W
0022:  MOVWF  30
0023:  MOVF   28,W
0024:  MOVWF  2F
0025:  MOVLW  18
0026:  MOVWF  2D
0027:  CLRF   2E
0028:  BTFSS  2F.0
0029:  GOTO   042
002A:  MOVF   2C,W
002B:  ADDWF  7A,F
002C:  BTFSS  03.0
002D:  GOTO   034
002E:  INCF   79,F
002F:  BTFSS  03.2
0030:  GOTO   034
0031:  INCF   78,F
0032:  BTFSC  03.2
0033:  BSF    2E.7
0034:  MOVF   2B,W
0035:  ADDWF  79,F
0036:  BTFSS  03.0
0037:  GOTO   03B
0038:  INCF   78,F
0039:  BTFSC  03.2
003A:  BSF    2E.7
003B:  MOVF   2A,W
003C:  MOVWF  27
003D:  BSF    27.7
003E:  MOVF   27,W
003F:  ADDWF  78,F
0040:  BTFSC  03.0
0041:  BSF    2E.7
0042:  RLF    2E,F
0043:  RRF    78,F
0044:  RRF    79,F
0045:  RRF    7A,F
0046:  RRF    31,F
0047:  RRF    30,F
0048:  RRF    2F,F
0049:  BCF    03.0
004A:  DECFSZ 2D,F
004B:  GOTO   027
004C:  MOVLW  01
004D:  ADDWF  77,F
004E:  BTFSC  03.0
004F:  GOTO   074
0050:  BTFSC  78.7
0051:  GOTO   059
0052:  RLF    31,F
0053:  RLF    7A,F
0054:  RLF    79,F
0055:  RLF    78,F
0056:  DECF   77,F
0057:  BTFSC  03.2
0058:  GOTO   074
0059:  BTFSS  31.7
005A:  GOTO   06A
005B:  INCF   7A,F
005C:  BTFSS  03.2
005D:  GOTO   06A
005E:  INCF   79,F
005F:  BTFSS  03.2
0060:  GOTO   06A
0061:  INCF   78,F
0062:  BTFSS  03.2
0063:  GOTO   06A
0064:  RRF    78,F
0065:  RRF    79,F
0066:  RRF    7A,F
0067:  INCF   77,F
0068:  BTFSC  03.2
0069:  GOTO   074
006A:  MOVF   26,W
006B:  MOVWF  2E
006C:  MOVF   2A,W
006D:  XORWF  2E,F
006E:  BTFSS  2E.7
006F:  GOTO   072
0070:  BSF    78.7
0071:  GOTO   078
0072:  BCF    78.7
0073:  GOTO   078
0074:  CLRF   77
0075:  CLRF   78
0076:  CLRF   79
0077:  CLRF   7A
0078:  GOTO   261 (RETURN)
0079:  MOVLW  8E
007A:  MOVWF  77
007B:  MOVF   25,W
007C:  SUBWF  77,F
007D:  MOVF   26,W
007E:  MOVWF  79
007F:  MOVF   27,W
0080:  MOVWF  78
0081:  BSF    79.7
0082:  MOVF   77,F
0083:  BTFSC  03.2
0084:  GOTO   090
0085:  BCF    03.0
0086:  MOVF   79,F
0087:  BTFSS  03.2
0088:  GOTO   08C
0089:  MOVF   78,F
008A:  BTFSC  03.2
008B:  GOTO   090
008C:  RRF    79,F
008D:  RRF    78,F
008E:  DECFSZ 77,F
008F:  GOTO   085
0090:  BTFSS  26.7
0091:  GOTO   097
0092:  COMF   78,F
0093:  COMF   79,F
0094:  INCF   78,F
0095:  BTFSC  03.2
0096:  INCF   79,F
0097:  GOTO   26A (RETURN)
*
00AC:  MOVF   26,W
00AD:  MOVWF  2D
00AE:  MOVF   2A,W
00AF:  XORWF  2D,F
00B0:  BTFSS  2D.7
00B1:  GOTO   0B7
00B2:  BCF    03.2
00B3:  BCF    03.0
00B4:  BTFSC  26.7
00B5:  BSF    03.0
00B6:  GOTO   0EA
00B7:  MOVF   26,W
00B8:  MOVWF  2D
00B9:  MOVF   29,W
00BA:  MOVWF  2E
00BB:  MOVF   25,W
00BC:  SUBWF  2E,F
00BD:  BTFSC  03.2
00BE:  GOTO   0C5
00BF:  BTFSS  2D.7
00C0:  GOTO   0EA
00C1:  MOVF   03,W
00C2:  XORLW  01
00C3:  MOVWF  03
00C4:  GOTO   0EA
00C5:  MOVF   2A,W
00C6:  MOVWF  2E
00C7:  MOVF   26,W
00C8:  SUBWF  2E,F
00C9:  BTFSC  03.2
00CA:  GOTO   0D1
00CB:  BTFSS  2D.7
00CC:  GOTO   0EA
00CD:  MOVF   03,W
00CE:  XORLW  01
00CF:  MOVWF  03
00D0:  GOTO   0EA
00D1:  MOVF   2B,W
00D2:  MOVWF  2E
00D3:  MOVF   27,W
00D4:  SUBWF  2E,F
00D5:  BTFSC  03.2
00D6:  GOTO   0DD
00D7:  BTFSS  2D.7
00D8:  GOTO   0EA
00D9:  MOVF   03,W
00DA:  XORLW  01
00DB:  MOVWF  03
00DC:  GOTO   0EA
00DD:  MOVF   2C,W
00DE:  MOVWF  2E
00DF:  MOVF   28,W
00E0:  SUBWF  2E,F
00E1:  BTFSC  03.2
00E2:  GOTO   0E9
00E3:  BTFSS  2D.7
00E4:  GOTO   0EA
00E5:  MOVF   03,W
00E6:  XORLW  01
00E7:  MOVWF  03
00E8:  GOTO   0EA
00E9:  BCF    03.0
00EA:  RETURN
00EB:  MOVLW  80
00EC:  BTFSC  03.1
00ED:  XORWF  2A,F
00EE:  CLRF   2F
00EF:  CLRF   30
00F0:  MOVF   26,W
00F1:  MOVWF  2E
00F2:  MOVF   2A,W
00F3:  XORWF  2E,F
00F4:  MOVF   25,W
00F5:  BTFSC  03.2
00F6:  GOTO   1DB
00F7:  MOVWF  2D
00F8:  MOVWF  77
00F9:  MOVF   29,W
00FA:  BTFSC  03.2
00FB:  GOTO   1E4
00FC:  SUBWF  2D,F
00FD:  BTFSC  03.2
00FE:  GOTO   180
00FF:  BTFSS  03.0
0100:  GOTO   13E
0101:  MOVF   2A,W
0102:  MOVWF  33
0103:  BSF    33.7
0104:  MOVF   2B,W
0105:  MOVWF  32
0106:  MOVF   2C,W
0107:  MOVWF  31
0108:  CLRF   30
0109:  BCF    03.0
010A:  RRF    33,F
010B:  RRF    32,F
010C:  RRF    31,F
010D:  RRF    30,F
010E:  DECFSZ 2D,F
010F:  GOTO   108
0110:  BTFSS  2E.7
0111:  GOTO   115
0112:  BSF    2F.0
0113:  GOTO   1F8
0114:  BCF    2F.0
0115:  BCF    2D.0
0116:  BSF    2F.4
0117:  MOVLW  28
0118:  MOVWF  04
0119:  BCF    03.7
011A:  GOTO   20D
011B:  BCF    2F.4
011C:  BTFSC  2E.7
011D:  GOTO   128
011E:  BTFSS  2D.0
011F:  GOTO   133
0120:  RRF    33,F
0121:  RRF    32,F
0122:  RRF    31,F
0123:  RRF    30,F
0124:  INCF   77,F
0125:  BTFSC  03.2
0126:  GOTO   1F3
0127:  GOTO   133
0128:  BTFSC  33.7
0129:  GOTO   136
012A:  BCF    03.0
012B:  RLF    30,F
012C:  RLF    31,F
012D:  RLF    32,F
012E:  RLF    33,F
012F:  DECF   77,F
0130:  BTFSC  03.2
0131:  GOTO   1F3
0132:  GOTO   128
0133:  BSF    2F.6
0134:  GOTO   1A0
0135:  BCF    2F.6
0136:  MOVF   26,W
0137:  MOVWF  2E
0138:  BTFSS  2E.7
0139:  GOTO   13C
013A:  BSF    33.7
013B:  GOTO   1EC
013C:  BCF    33.7
013D:  GOTO   1EC
013E:  MOVF   29,W
013F:  MOVWF  2D
0140:  MOVWF  77
0141:  MOVF   25,W
0142:  SUBWF  2D,F
0143:  MOVF   26,W
0144:  MOVWF  33
0145:  BSF    33.7
0146:  MOVF   27,W
0147:  MOVWF  32
0148:  MOVF   28,W
0149:  MOVWF  31
014A:  CLRF   30
014B:  BCF    03.0
014C:  RRF    33,F
014D:  RRF    32,F
014E:  RRF    31,F
014F:  RRF    30,F
0150:  DECFSZ 2D,F
0151:  GOTO   14A
0152:  BTFSS  2E.7
0153:  GOTO   157
0154:  BSF    2F.1
0155:  GOTO   1F8
0156:  BCF    2F.1
0157:  BCF    2D.0
0158:  BSF    2F.5
0159:  MOVLW  2C
015A:  MOVWF  04
015B:  BCF    03.7
015C:  GOTO   20D
015D:  BCF    2F.5
015E:  BTFSC  2E.7
015F:  GOTO   16A
0160:  BTFSS  2D.0
0161:  GOTO   175
0162:  RRF    33,F
0163:  RRF    32,F
0164:  RRF    31,F
0165:  RRF    30,F
0166:  INCF   77,F
0167:  BTFSC  03.2
0168:  GOTO   1F3
0169:  GOTO   175
016A:  BTFSC  33.7
016B:  GOTO   178
016C:  BCF    03.0
016D:  RLF    30,F
016E:  RLF    31,F
016F:  RLF    32,F
0170:  RLF    33,F
0171:  DECF   77,F
0172:  BTFSC  03.2
0173:  GOTO   1F3
0174:  GOTO   16A
0175:  BSF    2F.7
0176:  GOTO   1A0
0177:  BCF    2F.7
0178:  MOVF   2A,W
0179:  MOVWF  2E
017A:  BTFSS  2E.7
017B:  GOTO   17E
017C:  BSF    33.7
017D:  GOTO   1EC
017E:  BCF    33.7
017F:  GOTO   1EC
0180:  MOVF   2A,W
0181:  MOVWF  33
0182:  BSF    33.7
0183:  MOVF   2B,W
0184:  MOVWF  32
0185:  MOVF   2C,W
0186:  MOVWF  31
0187:  BTFSS  2E.7
0188:  GOTO   18D
0189:  BCF    33.7
018A:  BSF    2F.2
018B:  GOTO   1F8
018C:  BCF    2F.2
018D:  CLRF   30
018E:  BCF    2D.0
018F:  MOVLW  28
0190:  MOVWF  04
0191:  BCF    03.7
0192:  GOTO   20D
0193:  BTFSC  2E.7
0194:  GOTO   1B6
0195:  MOVF   26,W
0196:  MOVWF  2E
0197:  BTFSS  2D.0
0198:  GOTO   1A0
0199:  RRF    33,F
019A:  RRF    32,F
019B:  RRF    31,F
019C:  RRF    30,F
019D:  INCF   77,F
019E:  BTFSC  03.2
019F:  GOTO   1F3
01A0:  BTFSS  30.7
01A1:  GOTO   1B1
01A2:  INCF   31,F
01A3:  BTFSS  03.2
01A4:  GOTO   1B1
01A5:  INCF   32,F
01A6:  BTFSS  03.2
01A7:  GOTO   1B1
01A8:  INCF   33,F
01A9:  BTFSS  03.2
01AA:  GOTO   1B1
01AB:  RRF    33,F
01AC:  RRF    32,F
01AD:  RRF    31,F
01AE:  INCF   77,F
01AF:  BTFSC  03.2
01B0:  GOTO   1F3
01B1:  BTFSC  2F.6
01B2:  GOTO   135
01B3:  BTFSC  2F.7
01B4:  GOTO   177
01B5:  GOTO   1D5
01B6:  MOVLW  80
01B7:  XORWF  33,F
01B8:  BTFSS  33.7
01B9:  GOTO   1BE
01BA:  GOTO   1F8
01BB:  MOVF   2A,W
01BC:  MOVWF  2E
01BD:  GOTO   1CB
01BE:  MOVF   26,W
01BF:  MOVWF  2E
01C0:  MOVF   33,F
01C1:  BTFSS  03.2
01C2:  GOTO   1CB
01C3:  MOVF   32,F
01C4:  BTFSS  03.2
01C5:  GOTO   1CB
01C6:  MOVF   31,F
01C7:  BTFSS  03.2
01C8:  GOTO   1CB
01C9:  CLRF   77
01CA:  GOTO   1EC
01CB:  BTFSC  33.7
01CC:  GOTO   1D5
01CD:  BCF    03.0
01CE:  RLF    30,F
01CF:  RLF    31,F
01D0:  RLF    32,F
01D1:  RLF    33,F
01D2:  DECFSZ 77,F
01D3:  GOTO   1CB
01D4:  GOTO   1F3
01D5:  BTFSS  2E.7
01D6:  GOTO   1D9
01D7:  BSF    33.7
01D8:  GOTO   1EC
01D9:  BCF    33.7
01DA:  GOTO   1EC
01DB:  MOVF   29,W
01DC:  MOVWF  77
01DD:  MOVF   2A,W
01DE:  MOVWF  33
01DF:  MOVF   2B,W
01E0:  MOVWF  32
01E1:  MOVF   2C,W
01E2:  MOVWF  31
01E3:  GOTO   1EC
01E4:  MOVF   25,W
01E5:  MOVWF  77
01E6:  MOVF   26,W
01E7:  MOVWF  33
01E8:  MOVF   27,W
01E9:  MOVWF  32
01EA:  MOVF   28,W
01EB:  MOVWF  31
01EC:  MOVF   33,W
01ED:  MOVWF  78
01EE:  MOVF   32,W
01EF:  MOVWF  79
01F0:  MOVF   31,W
01F1:  MOVWF  7A
01F2:  GOTO   22B
01F3:  CLRF   77
01F4:  CLRF   78
01F5:  CLRF   79
01F6:  CLRF   7A
01F7:  GOTO   22B
01F8:  CLRF   30
01F9:  COMF   31,F
01FA:  COMF   32,F
01FB:  COMF   33,F
01FC:  COMF   30,F
01FD:  INCF   30,F
01FE:  BTFSS  03.2
01FF:  GOTO   206
0200:  INCF   31,F
0201:  BTFSS  03.2
0202:  GOTO   206
0203:  INCF   32,F
0204:  BTFSC  03.2
0205:  INCF   33,F
0206:  BTFSC  2F.0
0207:  GOTO   114
0208:  BTFSC  2F.1
0209:  GOTO   156
020A:  BTFSC  2F.2
020B:  GOTO   18C
020C:  GOTO   1BB
020D:  MOVF   00,W
020E:  ADDWF  31,F
020F:  BTFSS  03.0
0210:  GOTO   217
0211:  INCF   32,F
0212:  BTFSS  03.2
0213:  GOTO   217
0214:  INCF   33,F
0215:  BTFSC  03.2
0216:  BSF    2D.0
0217:  DECF   04,F
0218:  MOVF   00,W
0219:  ADDWF  32,F
021A:  BTFSS  03.0
021B:  GOTO   21F
021C:  INCF   33,F
021D:  BTFSC  03.2
021E:  BSF    2D.0
021F:  DECF   04,F
0220:  MOVF   00,W
0221:  BTFSS  00.7
0222:  XORLW  80
0223:  ADDWF  33,F
0224:  BTFSC  03.0
0225:  BSF    2D.0
0226:  BTFSC  2F.4
0227:  GOTO   11B
0228:  BTFSC  2F.5
0229:  GOTO   15D
022A:  GOTO   193
022B:  RETURN
....................  
.................... #list 
....................  
.................... #use delay(clock=20000000) 
*
0098:  MOVLW  26
0099:  MOVWF  04
009A:  BCF    03.7
009B:  MOVF   00,W
009C:  BTFSC  03.2
009D:  GOTO   0AB
009E:  MOVLW  06
009F:  MOVWF  78
00A0:  CLRF   77
00A1:  DECFSZ 77,F
00A2:  GOTO   0A1
00A3:  DECFSZ 78,F
00A4:  GOTO   0A0
00A5:  MOVLW  7B
00A6:  MOVWF  77
00A7:  DECFSZ 77,F
00A8:  GOTO   0A7
00A9:  DECFSZ 00,F
00AA:  GOTO   09E
00AB:  RETURN
.................... #FUSES NOWDT                    //No Watch Dog Timer 
.................... #FUSES HS                       //High speed Osc (> 4mhz for PCM/PCH) (>10mhz for PCD) 
.................... #FUSES NOPUT                    //No Power Up Timer 
.................... #FUSES NOPROTECT                //Code not protected from reading 
.................... #FUSES NOBROWNOUT               //No brownout reset 
.................... #FUSES MCLR                     //Master Clear pin enabled 
.................... #FUSES NOLVP                    //No low voltage prgming, B3(PIC16) or B5(PIC18) used for I/O 
.................... #FUSES NOCPD                    //No EE protection 
....................  
.................... //-------------------- PRUEBA 1 ----------------------- 
.................... #DEFINE SW1 PORTA,0 
.................... #DEFINE SW2 PORTA,1 
.................... #DEFINE LED PORTB,7 
.................... #BYTE PORTB= 6 
.................... #BYTE PORTA= 5  
....................  
.................... Byte CONST display[10]= {0x3f,0x06,0x5b,0x4f,0x66,0x6d,0x7d,0x07,0x7f,0x67}; 
....................  
.................... float duty=0.10; // 
.................... int onTime; 
....................  
.................... void main(){    
*
022C:  MOVF   03,W
022D:  ANDLW  1F
022E:  MOVWF  03
022F:  MOVLW  CD
0230:  MOVWF  23
0231:  MOVLW  CC
0232:  MOVWF  22
0233:  MOVLW  4C
0234:  MOVWF  21
0235:  MOVLW  7B
0236:  MOVWF  20
0237:  MOVLW  07
0238:  MOVWF  1F
0239:  BCF    03.7
....................    set_tris_a(0xFF); //TODOS ENTRADAS 
023A:  MOVLW  FF
023B:  BSF    03.5
023C:  MOVWF  05
....................    set_tris_b(0x00); // TODOS PINES SALIDAS DIGITALES 
023D:  MOVLW  00
023E:  MOVWF  06
....................     
....................    setup_comparator(NC_NC_NC_NC); 
023F:  MOVLW  07
0240:  BCF    03.5
0241:  MOVWF  1F
0242:  BSF    03.5
0243:  MOVF   05,W
0244:  MOVWF  05
0245:  MOVLW  10
0246:  MOVWF  77
0247:  DECFSZ 77,F
0248:  GOTO   247
0249:  NOP
024A:  BCF    03.5
024B:  MOVF   1F,W
024C:  BCF    0C.6
....................    setup_vref(FALSE);    
024D:  BSF    03.5
024E:  CLRF   1F
....................    //portb = display[0];// Mostrar ciclo de trabajo 
....................    portb = display[1]; 
024F:  MOVLW  06
0250:  BCF    03.5
0251:  MOVWF  06
....................    while(true){    
....................       onTime = (int)(duty*50);     
0252:  MOVF   23,W
0253:  MOVWF  28
0254:  MOVF   22,W
0255:  MOVWF  27
0256:  MOVF   21,W
0257:  MOVWF  26
0258:  MOVF   20,W
0259:  MOVWF  25
025A:  CLRF   2C
025B:  CLRF   2B
025C:  MOVLW  48
025D:  MOVWF  2A
025E:  MOVLW  84
025F:  MOVWF  29
0260:  GOTO   004
0261:  MOVF   7A,W
0262:  MOVWF  28
0263:  MOVF   79,W
0264:  MOVWF  27
0265:  MOVF   78,W
0266:  MOVWF  26
0267:  MOVF   77,W
0268:  MOVWF  25
0269:  GOTO   079
026A:  MOVF   78,W
026B:  MOVWF  24
....................       BIT_SET(LED); 
026C:  BSF    06.7
....................       delay_ms(onTime); 
026D:  MOVF   24,W
026E:  MOVWF  26
026F:  CALL   098
....................       BIT_CLEAR(LED);        
0270:  BCF    06.7
....................       delay_ms(50-onTime);                
0271:  MOVF   24,W
0272:  SUBLW  32
0273:  MOVWF  25
0274:  MOVWF  26
0275:  CALL   098
....................          if(!BIT_TEST(SW1) && duty<=0.90){ 
0276:  BTFSC  05.0
0277:  GOTO   2A5
0278:  MOVF   23,W
0279:  MOVWF  28
027A:  MOVF   22,W
027B:  MOVWF  27
027C:  MOVF   21,W
027D:  MOVWF  26
027E:  MOVF   20,W
027F:  MOVWF  25
0280:  MOVLW  66
0281:  MOVWF  2C
0282:  MOVWF  2B
0283:  MOVWF  2A
0284:  MOVLW  7E
0285:  MOVWF  29
0286:  CALL   0AC
0287:  BTFSC  03.0
0288:  GOTO   28B
0289:  BTFSS  03.2
028A:  GOTO   2A5
....................            duty+=0.01;   
028B:  BCF    03.1
028C:  MOVF   23,W
028D:  MOVWF  28
028E:  MOVF   22,W
028F:  MOVWF  27
0290:  MOVF   21,W
0291:  MOVWF  26
0292:  MOVF   20,W
0293:  MOVWF  25
0294:  MOVLW  0A
0295:  MOVWF  2C
0296:  MOVLW  D7
0297:  MOVWF  2B
0298:  MOVLW  23
0299:  MOVWF  2A
029A:  MOVLW  78
029B:  MOVWF  29
029C:  CALL   0EB
029D:  MOVF   7A,W
029E:  MOVWF  23
029F:  MOVF   79,W
02A0:  MOVWF  22
02A1:  MOVF   78,W
02A2:  MOVWF  21
02A3:  MOVF   77,W
02A4:  MOVWF  20
....................            //delay_ms(90); 
....................          } 
....................          if(!BIT_TEST(SW2) && duty>0.10){          
02A5:  BTFSC  05.1
02A6:  GOTO   2D4
02A7:  MOVLW  CD
02A8:  MOVWF  28
02A9:  MOVLW  CC
02AA:  MOVWF  27
02AB:  MOVLW  4C
02AC:  MOVWF  26
02AD:  MOVLW  7B
02AE:  MOVWF  25
02AF:  MOVF   23,W
02B0:  MOVWF  2C
02B1:  MOVF   22,W
02B2:  MOVWF  2B
02B3:  MOVF   21,W
02B4:  MOVWF  2A
02B5:  MOVF   20,W
02B6:  MOVWF  29
02B7:  CALL   0AC
02B8:  BTFSS  03.0
02B9:  GOTO   2D4
....................             duty-=0.01;  
02BA:  BSF    03.1
02BB:  MOVF   23,W
02BC:  MOVWF  28
02BD:  MOVF   22,W
02BE:  MOVWF  27
02BF:  MOVF   21,W
02C0:  MOVWF  26
02C1:  MOVF   20,W
02C2:  MOVWF  25
02C3:  MOVLW  0A
02C4:  MOVWF  2C
02C5:  MOVLW  D7
02C6:  MOVWF  2B
02C7:  MOVLW  23
02C8:  MOVWF  2A
02C9:  MOVLW  78
02CA:  MOVWF  29
02CB:  CALL   0EB
02CC:  MOVF   7A,W
02CD:  MOVWF  23
02CE:  MOVF   79,W
02CF:  MOVWF  22
02D0:  MOVF   78,W
02D1:  MOVWF  21
02D2:  MOVF   77,W
02D3:  MOVWF  20
....................             //delay_ms(90); 
....................          } 
....................          if(duty>=0.09 && duty<=0.10){ 
02D4:  MOVLW  EC
02D5:  MOVWF  28
02D6:  MOVLW  51
02D7:  MOVWF  27
02D8:  MOVLW  38
02D9:  MOVWF  26
02DA:  MOVLW  7B
02DB:  MOVWF  25
02DC:  MOVF   23,W
02DD:  MOVWF  2C
02DE:  MOVF   22,W
02DF:  MOVWF  2B
02E0:  MOVF   21,W
02E1:  MOVWF  2A
02E2:  MOVF   20,W
02E3:  MOVWF  29
02E4:  CALL   0AC
02E5:  BTFSC  03.0
02E6:  GOTO   2E9
02E7:  BTFSS  03.2
02E8:  GOTO   300
02E9:  MOVF   23,W
02EA:  MOVWF  28
02EB:  MOVF   22,W
02EC:  MOVWF  27
02ED:  MOVF   21,W
02EE:  MOVWF  26
02EF:  MOVF   20,W
02F0:  MOVWF  25
02F1:  MOVLW  CD
02F2:  MOVWF  2C
02F3:  MOVLW  CC
02F4:  MOVWF  2B
02F5:  MOVLW  4C
02F6:  MOVWF  2A
02F7:  MOVLW  7B
02F8:  MOVWF  29
02F9:  CALL   0AC
02FA:  BTFSC  03.0
02FB:  GOTO   2FE
02FC:  BTFSS  03.2
02FD:  GOTO   300
....................             portb = display[1]; 
02FE:  MOVLW  06
02FF:  MOVWF  06
....................          } 
....................          if(duty>=0.19 && duty<=0.20){ 
0300:  MOVLW  5C
0301:  MOVWF  28
0302:  MOVLW  8F
0303:  MOVWF  27
0304:  MOVLW  42
0305:  MOVWF  26
0306:  MOVLW  7C
0307:  MOVWF  25
0308:  MOVF   23,W
0309:  MOVWF  2C
030A:  MOVF   22,W
030B:  MOVWF  2B
030C:  MOVF   21,W
030D:  MOVWF  2A
030E:  MOVF   20,W
030F:  MOVWF  29
0310:  CALL   0AC
0311:  BTFSC  03.0
0312:  GOTO   315
0313:  BTFSS  03.2
0314:  GOTO   32C
0315:  MOVF   23,W
0316:  MOVWF  28
0317:  MOVF   22,W
0318:  MOVWF  27
0319:  MOVF   21,W
031A:  MOVWF  26
031B:  MOVF   20,W
031C:  MOVWF  25
031D:  MOVLW  CD
031E:  MOVWF  2C
031F:  MOVLW  CC
0320:  MOVWF  2B
0321:  MOVLW  4C
0322:  MOVWF  2A
0323:  MOVLW  7C
0324:  MOVWF  29
0325:  CALL   0AC
0326:  BTFSC  03.0
0327:  GOTO   32A
0328:  BTFSS  03.2
0329:  GOTO   32C
....................             portb = display[2]; 
032A:  MOVLW  5B
032B:  MOVWF  06
....................          } 
....................          if(duty>=0.29 && duty<=0.30){ 
032C:  MOVLW  E1
032D:  MOVWF  28
032E:  MOVLW  7A
032F:  MOVWF  27
0330:  MOVLW  14
0331:  MOVWF  26
0332:  MOVLW  7D
0333:  MOVWF  25
0334:  MOVF   23,W
0335:  MOVWF  2C
0336:  MOVF   22,W
0337:  MOVWF  2B
0338:  MOVF   21,W
0339:  MOVWF  2A
033A:  MOVF   20,W
033B:  MOVWF  29
033C:  CALL   0AC
033D:  BTFSC  03.0
033E:  GOTO   341
033F:  BTFSS  03.2
0340:  GOTO   358
0341:  MOVF   23,W
0342:  MOVWF  28
0343:  MOVF   22,W
0344:  MOVWF  27
0345:  MOVF   21,W
0346:  MOVWF  26
0347:  MOVF   20,W
0348:  MOVWF  25
0349:  MOVLW  9A
034A:  MOVWF  2C
034B:  MOVLW  99
034C:  MOVWF  2B
034D:  MOVLW  19
034E:  MOVWF  2A
034F:  MOVLW  7D
0350:  MOVWF  29
0351:  CALL   0AC
0352:  BTFSC  03.0
0353:  GOTO   356
0354:  BTFSS  03.2
0355:  GOTO   358
....................             portb = display[3]; 
0356:  MOVLW  4F
0357:  MOVWF  06
....................          } 
....................          if(duty>=0.39 && duty<=0.40){ 
0358:  MOVLW  14
0359:  MOVWF  28
035A:  MOVLW  AE
035B:  MOVWF  27
035C:  MOVLW  47
035D:  MOVWF  26
035E:  MOVLW  7D
035F:  MOVWF  25
0360:  MOVF   23,W
0361:  MOVWF  2C
0362:  MOVF   22,W
0363:  MOVWF  2B
0364:  MOVF   21,W
0365:  MOVWF  2A
0366:  MOVF   20,W
0367:  MOVWF  29
0368:  CALL   0AC
0369:  BTFSC  03.0
036A:  GOTO   36D
036B:  BTFSS  03.2
036C:  GOTO   384
036D:  MOVF   23,W
036E:  MOVWF  28
036F:  MOVF   22,W
0370:  MOVWF  27
0371:  MOVF   21,W
0372:  MOVWF  26
0373:  MOVF   20,W
0374:  MOVWF  25
0375:  MOVLW  CD
0376:  MOVWF  2C
0377:  MOVLW  CC
0378:  MOVWF  2B
0379:  MOVLW  4C
037A:  MOVWF  2A
037B:  MOVLW  7D
037C:  MOVWF  29
037D:  CALL   0AC
037E:  BTFSC  03.0
037F:  GOTO   382
0380:  BTFSS  03.2
0381:  GOTO   384
....................             portb = display[4]; 
0382:  MOVLW  66
0383:  MOVWF  06
....................          } 
....................          if(duty>=0.49 && duty<=0.50){ 
0384:  MOVLW  48
0385:  MOVWF  28
0386:  MOVLW  E1
0387:  MOVWF  27
0388:  MOVLW  7A
0389:  MOVWF  26
038A:  MOVLW  7D
038B:  MOVWF  25
038C:  MOVF   23,W
038D:  MOVWF  2C
038E:  MOVF   22,W
038F:  MOVWF  2B
0390:  MOVF   21,W
0391:  MOVWF  2A
0392:  MOVF   20,W
0393:  MOVWF  29
0394:  CALL   0AC
0395:  BTFSC  03.0
0396:  GOTO   399
0397:  BTFSS  03.2
0398:  GOTO   3AD
0399:  MOVF   23,W
039A:  MOVWF  28
039B:  MOVF   22,W
039C:  MOVWF  27
039D:  MOVF   21,W
039E:  MOVWF  26
039F:  MOVF   20,W
03A0:  MOVWF  25
03A1:  CLRF   2C
03A2:  CLRF   2B
03A3:  CLRF   2A
03A4:  MOVLW  7E
03A5:  MOVWF  29
03A6:  CALL   0AC
03A7:  BTFSC  03.0
03A8:  GOTO   3AB
03A9:  BTFSS  03.2
03AA:  GOTO   3AD
....................             portb = display[5]; 
03AB:  MOVLW  6D
03AC:  MOVWF  06
....................          } 
....................          if(duty>=0.59 && duty<=0.60){ 
03AD:  MOVLW  3D
03AE:  MOVWF  28
03AF:  MOVLW  0A
03B0:  MOVWF  27
03B1:  MOVLW  17
03B2:  MOVWF  26
03B3:  MOVLW  7E
03B4:  MOVWF  25
03B5:  MOVF   23,W
03B6:  MOVWF  2C
03B7:  MOVF   22,W
03B8:  MOVWF  2B
03B9:  MOVF   21,W
03BA:  MOVWF  2A
03BB:  MOVF   20,W
03BC:  MOVWF  29
03BD:  CALL   0AC
03BE:  BTFSC  03.0
03BF:  GOTO   3C2
03C0:  BTFSS  03.2
03C1:  GOTO   3D9
03C2:  MOVF   23,W
03C3:  MOVWF  28
03C4:  MOVF   22,W
03C5:  MOVWF  27
03C6:  MOVF   21,W
03C7:  MOVWF  26
03C8:  MOVF   20,W
03C9:  MOVWF  25
03CA:  MOVLW  9A
03CB:  MOVWF  2C
03CC:  MOVLW  99
03CD:  MOVWF  2B
03CE:  MOVLW  19
03CF:  MOVWF  2A
03D0:  MOVLW  7E
03D1:  MOVWF  29
03D2:  CALL   0AC
03D3:  BTFSC  03.0
03D4:  GOTO   3D7
03D5:  BTFSS  03.2
03D6:  GOTO   3D9
....................             portb = display[6]; 
03D7:  MOVLW  7D
03D8:  MOVWF  06
....................          } 
....................          if(duty>=0.69 && duty<=0.70){ 
03D9:  MOVLW  D7
03DA:  MOVWF  28
03DB:  MOVLW  A3
03DC:  MOVWF  27
03DD:  MOVLW  30
03DE:  MOVWF  26
03DF:  MOVLW  7E
03E0:  MOVWF  25
03E1:  MOVF   23,W
03E2:  MOVWF  2C
03E3:  MOVF   22,W
03E4:  MOVWF  2B
03E5:  MOVF   21,W
03E6:  MOVWF  2A
03E7:  MOVF   20,W
03E8:  MOVWF  29
03E9:  CALL   0AC
03EA:  BTFSC  03.0
03EB:  GOTO   3EE
03EC:  BTFSS  03.2
03ED:  GOTO   403
03EE:  MOVF   23,W
03EF:  MOVWF  28
03F0:  MOVF   22,W
03F1:  MOVWF  27
03F2:  MOVF   21,W
03F3:  MOVWF  26
03F4:  MOVF   20,W
03F5:  MOVWF  25
03F6:  MOVLW  33
03F7:  MOVWF  2C
03F8:  MOVWF  2B
03F9:  MOVWF  2A
03FA:  MOVLW  7E
03FB:  MOVWF  29
03FC:  CALL   0AC
03FD:  BTFSC  03.0
03FE:  GOTO   401
03FF:  BTFSS  03.2
0400:  GOTO   403
....................             portb = display[7]; 
0401:  MOVLW  07
0402:  MOVWF  06
....................          } 
....................          if(duty>=0.79 && duty<=0.80){ 
0403:  MOVLW  71
0404:  MOVWF  28
0405:  MOVLW  3D
0406:  MOVWF  27
0407:  MOVLW  4A
0408:  MOVWF  26
0409:  MOVLW  7E
040A:  MOVWF  25
040B:  MOVF   23,W
040C:  MOVWF  2C
040D:  MOVF   22,W
040E:  MOVWF  2B
040F:  MOVF   21,W
0410:  MOVWF  2A
0411:  MOVF   20,W
0412:  MOVWF  29
0413:  CALL   0AC
0414:  BTFSC  03.0
0415:  GOTO   418
0416:  BTFSS  03.2
0417:  GOTO   42F
0418:  MOVF   23,W
0419:  MOVWF  28
041A:  MOVF   22,W
041B:  MOVWF  27
041C:  MOVF   21,W
041D:  MOVWF  26
041E:  MOVF   20,W
041F:  MOVWF  25
0420:  MOVLW  CD
0421:  MOVWF  2C
0422:  MOVLW  CC
0423:  MOVWF  2B
0424:  MOVLW  4C
0425:  MOVWF  2A
0426:  MOVLW  7E
0427:  MOVWF  29
0428:  CALL   0AC
0429:  BTFSC  03.0
042A:  GOTO   42D
042B:  BTFSS  03.2
042C:  GOTO   42F
....................             portb = display[8]; 
042D:  MOVLW  7F
042E:  MOVWF  06
....................          } 
....................          if(duty>=0.89 && duty<=0.90){ 
042F:  MOVLW  0A
0430:  MOVWF  28
0431:  MOVLW  D7
0432:  MOVWF  27
0433:  MOVLW  63
0434:  MOVWF  26
0435:  MOVLW  7E
0436:  MOVWF  25
0437:  MOVF   23,W
0438:  MOVWF  2C
0439:  MOVF   22,W
043A:  MOVWF  2B
043B:  MOVF   21,W
043C:  MOVWF  2A
043D:  MOVF   20,W
043E:  MOVWF  29
043F:  CALL   0AC
0440:  BTFSC  03.0
0441:  GOTO   444
0442:  BTFSS  03.2
0443:  GOTO   459
0444:  MOVF   23,W
0445:  MOVWF  28
0446:  MOVF   22,W
0447:  MOVWF  27
0448:  MOVF   21,W
0449:  MOVWF  26
044A:  MOVF   20,W
044B:  MOVWF  25
044C:  MOVLW  66
044D:  MOVWF  2C
044E:  MOVWF  2B
044F:  MOVWF  2A
0450:  MOVLW  7E
0451:  MOVWF  29
0452:  CALL   0AC
0453:  BTFSC  03.0
0454:  GOTO   457
0455:  BTFSS  03.2
0456:  GOTO   459
....................             portb = display[9]; 
0457:  MOVLW  67
0458:  MOVWF  06
....................          }      
0459:  GOTO   252
....................       
....................    } 
.................... } 
....................  
045A:  SLEEP
....................  
....................  

Configuration Fuses:
   Word  1: 3F2A   NOWDT NOPUT HS MCLR NOBROWNOUT NOLVP NOCPD NOPROTECT
