CCS PCM C Compiler, Version 5.061, 56587               08-ene.-20 11:14

               Filename:   C:\Users\NICOLAS\Documents\PROYECTOS\PWM_16f628a\programa_PIC_PWM\PWM_16F628A.lst

               ROM used:   1169 words (57%)
                           Largest free fragment is 879
               RAM used:   11 (5%) at main() level
                           26 (12%) worst case
               Stack used: 1 locations
               Stack size: 8

*
0000:  MOVLW  02
0001:  MOVWF  0A
0002:  GOTO   22C
0003:  NOP
.................... #include <16F628A.h> 
.................... //////////// Standard Header file for the PIC16F628A device //////////////// 
.................... /////////////////////////////////////////////////////////////////////////// 
.................... ////        (C) Copyright 1996, 2014 Custom Computer Services          //// 
.................... //// This source code may only be used by licensed users of the CCS C  //// 
.................... //// compiler.  This source code may only be distributed to other      //// 
.................... //// licensed users of the CCS C compiler.  No other use, reproduction //// 
.................... //// or distribution is permitted without written permission.          //// 
.................... //// Derivative programs created using this software in object code    //// 
.................... //// form are not restricted in any way.                               //// 
.................... /////////////////////////////////////////////////////////////////////////// 
.................... #device PIC16F628A 
*
0018:  MOVF   25,W
0019:  BTFSC  03.2
001A:  GOTO   088
001B:  MOVWF  2D
001C:  MOVF   29,W
001D:  BTFSC  03.2
001E:  GOTO   088
001F:  ADDWF  2D,F
0020:  BTFSC  03.0
0021:  GOTO   029
0022:  MOVLW  7F
0023:  SUBWF  2D,F
0024:  BTFSS  03.0
0025:  GOTO   088
0026:  BTFSC  03.2
0027:  GOTO   088
0028:  GOTO   02D
0029:  MOVLW  81
002A:  ADDWF  2D,F
002B:  BTFSC  03.0
002C:  GOTO   088
002D:  MOVF   2D,W
002E:  MOVWF  77
002F:  CLRF   78
0030:  CLRF   79
0031:  CLRF   7A
0032:  MOVF   26,W
0033:  MOVWF  31
0034:  BSF    31.7
0035:  MOVF   27,W
0036:  MOVWF  30
0037:  MOVF   28,W
0038:  MOVWF  2F
0039:  MOVLW  18
003A:  MOVWF  2D
003B:  CLRF   2E
003C:  BTFSS  2F.0
003D:  GOTO   056
003E:  MOVF   2C,W
003F:  ADDWF  7A,F
0040:  BTFSS  03.0
0041:  GOTO   048
0042:  INCF   79,F
0043:  BTFSS  03.2
0044:  GOTO   048
0045:  INCF   78,F
0046:  BTFSC  03.2
0047:  BSF    2E.7
0048:  MOVF   2B,W
0049:  ADDWF  79,F
004A:  BTFSS  03.0
004B:  GOTO   04F
004C:  INCF   78,F
004D:  BTFSC  03.2
004E:  BSF    2E.7
004F:  MOVF   2A,W
0050:  MOVWF  27
0051:  BSF    27.7
0052:  MOVF   27,W
0053:  ADDWF  78,F
0054:  BTFSC  03.0
0055:  BSF    2E.7
0056:  RLF    2E,F
0057:  RRF    78,F
0058:  RRF    79,F
0059:  RRF    7A,F
005A:  RRF    31,F
005B:  RRF    30,F
005C:  RRF    2F,F
005D:  BCF    03.0
005E:  DECFSZ 2D,F
005F:  GOTO   03B
0060:  MOVLW  01
0061:  ADDWF  77,F
0062:  BTFSC  03.0
0063:  GOTO   088
0064:  BTFSC  78.7
0065:  GOTO   06D
0066:  RLF    31,F
0067:  RLF    7A,F
0068:  RLF    79,F
0069:  RLF    78,F
006A:  DECF   77,F
006B:  BTFSC  03.2
006C:  GOTO   088
006D:  BTFSS  31.7
006E:  GOTO   07E
006F:  INCF   7A,F
0070:  BTFSS  03.2
0071:  GOTO   07E
0072:  INCF   79,F
0073:  BTFSS  03.2
0074:  GOTO   07E
0075:  INCF   78,F
0076:  BTFSS  03.2
0077:  GOTO   07E
0078:  RRF    78,F
0079:  RRF    79,F
007A:  RRF    7A,F
007B:  INCF   77,F
007C:  BTFSC  03.2
007D:  GOTO   088
007E:  MOVF   26,W
007F:  MOVWF  2E
0080:  MOVF   2A,W
0081:  XORWF  2E,F
0082:  BTFSS  2E.7
0083:  GOTO   086
0084:  BSF    78.7
0085:  GOTO   08C
0086:  BCF    78.7
0087:  GOTO   08C
0088:  CLRF   77
0089:  CLRF   78
008A:  CLRF   79
008B:  CLRF   7A
008C:  GOTO   295 (RETURN)
008D:  MOVLW  8E
008E:  MOVWF  77
008F:  MOVF   25,W
0090:  SUBWF  77,F
0091:  MOVF   26,W
0092:  MOVWF  79
0093:  MOVF   27,W
0094:  MOVWF  78
0095:  BSF    79.7
0096:  MOVF   77,F
0097:  BTFSC  03.2
0098:  GOTO   0A4
0099:  BCF    03.0
009A:  MOVF   79,F
009B:  BTFSS  03.2
009C:  GOTO   0A0
009D:  MOVF   78,F
009E:  BTFSC  03.2
009F:  GOTO   0A4
00A0:  RRF    79,F
00A1:  RRF    78,F
00A2:  DECFSZ 77,F
00A3:  GOTO   099
00A4:  BTFSS  26.7
00A5:  GOTO   0AB
00A6:  COMF   78,F
00A7:  COMF   79,F
00A8:  INCF   78,F
00A9:  BTFSC  03.2
00AA:  INCF   79,F
00AB:  GOTO   29E (RETURN)
00AC:  MOVF   26,W
00AD:  MOVWF  2D
00AE:  MOVF   2A,W
00AF:  XORWF  2D,F
00B0:  BTFSS  2D.7
00B1:  GOTO   0B7
00B2:  BCF    03.2
00B3:  BCF    03.0
00B4:  BTFSC  26.7
00B5:  BSF    03.0
00B6:  GOTO   0EA
00B7:  MOVF   26,W
00B8:  MOVWF  2D
00B9:  MOVF   29,W
00BA:  MOVWF  2E
00BB:  MOVF   25,W
00BC:  SUBWF  2E,F
00BD:  BTFSC  03.2
00BE:  GOTO   0C5
00BF:  BTFSS  2D.7
00C0:  GOTO   0EA
00C1:  MOVF   03,W
00C2:  XORLW  01
00C3:  MOVWF  03
00C4:  GOTO   0EA
00C5:  MOVF   2A,W
00C6:  MOVWF  2E
00C7:  MOVF   26,W
00C8:  SUBWF  2E,F
00C9:  BTFSC  03.2
00CA:  GOTO   0D1
00CB:  BTFSS  2D.7
00CC:  GOTO   0EA
00CD:  MOVF   03,W
00CE:  XORLW  01
00CF:  MOVWF  03
00D0:  GOTO   0EA
00D1:  MOVF   2B,W
00D2:  MOVWF  2E
00D3:  MOVF   27,W
00D4:  SUBWF  2E,F
00D5:  BTFSC  03.2
00D6:  GOTO   0DD
00D7:  BTFSS  2D.7
00D8:  GOTO   0EA
00D9:  MOVF   03,W
00DA:  XORLW  01
00DB:  MOVWF  03
00DC:  GOTO   0EA
00DD:  MOVF   2C,W
00DE:  MOVWF  2E
00DF:  MOVF   28,W
00E0:  SUBWF  2E,F
00E1:  BTFSC  03.2
00E2:  GOTO   0E9
00E3:  BTFSS  2D.7
00E4:  GOTO   0EA
00E5:  MOVF   03,W
00E6:  XORLW  01
00E7:  MOVWF  03
00E8:  GOTO   0EA
00E9:  BCF    03.0
00EA:  RETURN
00EB:  MOVLW  80
00EC:  BTFSC  03.1
00ED:  XORWF  2A,F
00EE:  CLRF   2F
00EF:  CLRF   30
00F0:  MOVF   26,W
00F1:  MOVWF  2E
00F2:  MOVF   2A,W
00F3:  XORWF  2E,F
00F4:  MOVF   25,W
00F5:  BTFSC  03.2
00F6:  GOTO   1DB
00F7:  MOVWF  2D
00F8:  MOVWF  77
00F9:  MOVF   29,W
00FA:  BTFSC  03.2
00FB:  GOTO   1E4
00FC:  SUBWF  2D,F
00FD:  BTFSC  03.2
00FE:  GOTO   180
00FF:  BTFSS  03.0
0100:  GOTO   13E
0101:  MOVF   2A,W
0102:  MOVWF  33
0103:  BSF    33.7
0104:  MOVF   2B,W
0105:  MOVWF  32
0106:  MOVF   2C,W
0107:  MOVWF  31
0108:  CLRF   30
0109:  BCF    03.0
010A:  RRF    33,F
010B:  RRF    32,F
010C:  RRF    31,F
010D:  RRF    30,F
010E:  DECFSZ 2D,F
010F:  GOTO   108
0110:  BTFSS  2E.7
0111:  GOTO   115
0112:  BSF    2F.0
0113:  GOTO   1F8
0114:  BCF    2F.0
0115:  BCF    2D.0
0116:  BSF    2F.4
0117:  MOVLW  28
0118:  MOVWF  04
0119:  BCF    03.7
011A:  GOTO   20D
011B:  BCF    2F.4
011C:  BTFSC  2E.7
011D:  GOTO   128
011E:  BTFSS  2D.0
011F:  GOTO   133
0120:  RRF    33,F
0121:  RRF    32,F
0122:  RRF    31,F
0123:  RRF    30,F
0124:  INCF   77,F
0125:  BTFSC  03.2
0126:  GOTO   1F3
0127:  GOTO   133
0128:  BTFSC  33.7
0129:  GOTO   136
012A:  BCF    03.0
012B:  RLF    30,F
012C:  RLF    31,F
012D:  RLF    32,F
012E:  RLF    33,F
012F:  DECF   77,F
0130:  BTFSC  03.2
0131:  GOTO   1F3
0132:  GOTO   128
0133:  BSF    2F.6
0134:  GOTO   1A0
0135:  BCF    2F.6
0136:  MOVF   26,W
0137:  MOVWF  2E
0138:  BTFSS  2E.7
0139:  GOTO   13C
013A:  BSF    33.7
013B:  GOTO   1EC
013C:  BCF    33.7
013D:  GOTO   1EC
013E:  MOVF   29,W
013F:  MOVWF  2D
0140:  MOVWF  77
0141:  MOVF   25,W
0142:  SUBWF  2D,F
0143:  MOVF   26,W
0144:  MOVWF  33
0145:  BSF    33.7
0146:  MOVF   27,W
0147:  MOVWF  32
0148:  MOVF   28,W
0149:  MOVWF  31
014A:  CLRF   30
014B:  BCF    03.0
014C:  RRF    33,F
014D:  RRF    32,F
014E:  RRF    31,F
014F:  RRF    30,F
0150:  DECFSZ 2D,F
0151:  GOTO   14A
0152:  BTFSS  2E.7
0153:  GOTO   157
0154:  BSF    2F.1
0155:  GOTO   1F8
0156:  BCF    2F.1
0157:  BCF    2D.0
0158:  BSF    2F.5
0159:  MOVLW  2C
015A:  MOVWF  04
015B:  BCF    03.7
015C:  GOTO   20D
015D:  BCF    2F.5
015E:  BTFSC  2E.7
015F:  GOTO   16A
0160:  BTFSS  2D.0
0161:  GOTO   175
0162:  RRF    33,F
0163:  RRF    32,F
0164:  RRF    31,F
0165:  RRF    30,F
0166:  INCF   77,F
0167:  BTFSC  03.2
0168:  GOTO   1F3
0169:  GOTO   175
016A:  BTFSC  33.7
016B:  GOTO   178
016C:  BCF    03.0
016D:  RLF    30,F
016E:  RLF    31,F
016F:  RLF    32,F
0170:  RLF    33,F
0171:  DECF   77,F
0172:  BTFSC  03.2
0173:  GOTO   1F3
0174:  GOTO   16A
0175:  BSF    2F.7
0176:  GOTO   1A0
0177:  BCF    2F.7
0178:  MOVF   2A,W
0179:  MOVWF  2E
017A:  BTFSS  2E.7
017B:  GOTO   17E
017C:  BSF    33.7
017D:  GOTO   1EC
017E:  BCF    33.7
017F:  GOTO   1EC
0180:  MOVF   2A,W
0181:  MOVWF  33
0182:  BSF    33.7
0183:  MOVF   2B,W
0184:  MOVWF  32
0185:  MOVF   2C,W
0186:  MOVWF  31
0187:  BTFSS  2E.7
0188:  GOTO   18D
0189:  BCF    33.7
018A:  BSF    2F.2
018B:  GOTO   1F8
018C:  BCF    2F.2
018D:  CLRF   30
018E:  BCF    2D.0
018F:  MOVLW  28
0190:  MOVWF  04
0191:  BCF    03.7
0192:  GOTO   20D
0193:  BTFSC  2E.7
0194:  GOTO   1B6
0195:  MOVF   26,W
0196:  MOVWF  2E
0197:  BTFSS  2D.0
0198:  GOTO   1A0
0199:  RRF    33,F
019A:  RRF    32,F
019B:  RRF    31,F
019C:  RRF    30,F
019D:  INCF   77,F
019E:  BTFSC  03.2
019F:  GOTO   1F3
01A0:  BTFSS  30.7
01A1:  GOTO   1B1
01A2:  INCF   31,F
01A3:  BTFSS  03.2
01A4:  GOTO   1B1
01A5:  INCF   32,F
01A6:  BTFSS  03.2
01A7:  GOTO   1B1
01A8:  INCF   33,F
01A9:  BTFSS  03.2
01AA:  GOTO   1B1
01AB:  RRF    33,F
01AC:  RRF    32,F
01AD:  RRF    31,F
01AE:  INCF   77,F
01AF:  BTFSC  03.2
01B0:  GOTO   1F3
01B1:  BTFSC  2F.6
01B2:  GOTO   135
01B3:  BTFSC  2F.7
01B4:  GOTO   177
01B5:  GOTO   1D5
01B6:  MOVLW  80
01B7:  XORWF  33,F
01B8:  BTFSS  33.7
01B9:  GOTO   1BE
01BA:  GOTO   1F8
01BB:  MOVF   2A,W
01BC:  MOVWF  2E
01BD:  GOTO   1CB
01BE:  MOVF   26,W
01BF:  MOVWF  2E
01C0:  MOVF   33,F
01C1:  BTFSS  03.2
01C2:  GOTO   1CB
01C3:  MOVF   32,F
01C4:  BTFSS  03.2
01C5:  GOTO   1CB
01C6:  MOVF   31,F
01C7:  BTFSS  03.2
01C8:  GOTO   1CB
01C9:  CLRF   77
01CA:  GOTO   1EC
01CB:  BTFSC  33.7
01CC:  GOTO   1D5
01CD:  BCF    03.0
01CE:  RLF    30,F
01CF:  RLF    31,F
01D0:  RLF    32,F
01D1:  RLF    33,F
01D2:  DECFSZ 77,F
01D3:  GOTO   1CB
01D4:  GOTO   1F3
01D5:  BTFSS  2E.7
01D6:  GOTO   1D9
01D7:  BSF    33.7
01D8:  GOTO   1EC
01D9:  BCF    33.7
01DA:  GOTO   1EC
01DB:  MOVF   29,W
01DC:  MOVWF  77
01DD:  MOVF   2A,W
01DE:  MOVWF  33
01DF:  MOVF   2B,W
01E0:  MOVWF  32
01E1:  MOVF   2C,W
01E2:  MOVWF  31
01E3:  GOTO   1EC
01E4:  MOVF   25,W
01E5:  MOVWF  77
01E6:  MOVF   26,W
01E7:  MOVWF  33
01E8:  MOVF   27,W
01E9:  MOVWF  32
01EA:  MOVF   28,W
01EB:  MOVWF  31
01EC:  MOVF   33,W
01ED:  MOVWF  78
01EE:  MOVF   32,W
01EF:  MOVWF  79
01F0:  MOVF   31,W
01F1:  MOVWF  7A
01F2:  GOTO   22B
01F3:  CLRF   77
01F4:  CLRF   78
01F5:  CLRF   79
01F6:  CLRF   7A
01F7:  GOTO   22B
01F8:  CLRF   30
01F9:  COMF   31,F
01FA:  COMF   32,F
01FB:  COMF   33,F
01FC:  COMF   30,F
01FD:  INCF   30,F
01FE:  BTFSS  03.2
01FF:  GOTO   206
0200:  INCF   31,F
0201:  BTFSS  03.2
0202:  GOTO   206
0203:  INCF   32,F
0204:  BTFSC  03.2
0205:  INCF   33,F
0206:  BTFSC  2F.0
0207:  GOTO   114
0208:  BTFSC  2F.1
0209:  GOTO   156
020A:  BTFSC  2F.2
020B:  GOTO   18C
020C:  GOTO   1BB
020D:  MOVF   00,W
020E:  ADDWF  31,F
020F:  BTFSS  03.0
0210:  GOTO   217
0211:  INCF   32,F
0212:  BTFSS  03.2
0213:  GOTO   217
0214:  INCF   33,F
0215:  BTFSC  03.2
0216:  BSF    2D.0
0217:  DECF   04,F
0218:  MOVF   00,W
0219:  ADDWF  32,F
021A:  BTFSS  03.0
021B:  GOTO   21F
021C:  INCF   33,F
021D:  BTFSC  03.2
021E:  BSF    2D.0
021F:  DECF   04,F
0220:  MOVF   00,W
0221:  BTFSS  00.7
0222:  XORLW  80
0223:  ADDWF  33,F
0224:  BTFSC  03.0
0225:  BSF    2D.0
0226:  BTFSC  2F.4
0227:  GOTO   11B
0228:  BTFSC  2F.5
0229:  GOTO   15D
022A:  GOTO   193
022B:  RETURN
....................  
.................... #list 
....................  
.................... #use delay(clock=20000000) 
*
0004:  MOVLW  26
0005:  MOVWF  04
0006:  BCF    03.7
0007:  MOVF   00,W
0008:  BTFSC  03.2
0009:  GOTO   017
000A:  MOVLW  06
000B:  MOVWF  78
000C:  CLRF   77
000D:  DECFSZ 77,F
000E:  GOTO   00D
000F:  DECFSZ 78,F
0010:  GOTO   00C
0011:  MOVLW  7B
0012:  MOVWF  77
0013:  DECFSZ 77,F
0014:  GOTO   013
0015:  DECFSZ 00,F
0016:  GOTO   00A
0017:  RETURN
.................... #FUSES NOWDT                    //No Watch Dog Timer 
.................... #FUSES HS                       //High speed Osc (> 4mhz for PCM/PCH) (>10mhz for PCD) 
.................... #FUSES NOPUT                    //No Power Up Timer 
.................... #FUSES NOPROTECT                //Code not protected from reading 
.................... #FUSES NOBROWNOUT               //No brownout reset 
.................... #FUSES MCLR                     //Master Clear pin enabled 
.................... #FUSES NOLVP                    //No low voltage prgming, B3(PIC16) or B5(PIC18) used for I/O 
.................... #FUSES NOCPD                    //No EE protection 
....................  
.................... //-------------------- PRUEBA 1 ----------------------- 
.................... #DEFINE SW1 PORTA,0 
.................... #DEFINE SW2 PORTA,1 
.................... #DEFINE LED PORTB,7 
.................... #BYTE PORTB= 6 
.................... #BYTE PORTA= 5  
....................  
.................... Byte CONST display[10]= {0x3f,0x06,0x5b,0x4f,0x66,0x6d,0x7d,0x07,0x7f,0x67}; 
....................  
.................... float duty=0.10; 
.................... int onTime; 
....................  
.................... void main(){    
*
022C:  MOVF   03,W
022D:  ANDLW  1F
022E:  MOVWF  03
022F:  MOVLW  CD
0230:  MOVWF  23
0231:  MOVLW  CC
0232:  MOVWF  22
0233:  MOVLW  4C
0234:  MOVWF  21
0235:  MOVLW  7B
0236:  MOVWF  20
0237:  MOVLW  07
0238:  MOVWF  1F
0239:  BCF    03.7
....................    set_tris_a(0xFF); //TODOS ENTRADAS 
023A:  MOVLW  FF
023B:  BSF    03.5
023C:  MOVWF  05
....................    set_tris_b(0x00); // TODOS PINES SALIDAS DIGITALES 
023D:  MOVLW  00
023E:  MOVWF  06
....................     
....................    setup_comparator(NC_NC_NC_NC); 
023F:  MOVLW  07
0240:  BCF    03.5
0241:  MOVWF  1F
0242:  BSF    03.5
0243:  MOVF   05,W
0244:  MOVWF  05
0245:  MOVLW  10
0246:  MOVWF  77
0247:  DECFSZ 77,F
0248:  GOTO   247
0249:  NOP
024A:  BCF    03.5
024B:  MOVF   1F,W
024C:  BCF    0C.6
....................    setup_vref(FALSE); 
024D:  BSF    03.5
024E:  CLRF   1F
....................     
....................    portb = display[2];  
024F:  MOVLW  5B
0250:  BCF    03.5
0251:  MOVWF  06
....................    BIT_SET(LED); 
0252:  BSF    06.7
....................    delay_ms(500);    
0253:  MOVLW  02
0254:  MOVWF  25
0255:  MOVLW  FA
0256:  MOVWF  26
0257:  CALL   004
0258:  DECFSZ 25,F
0259:  GOTO   255
....................    BIT_CLEAR(LED); 
025A:  BCF    06.7
....................    delay_ms(500); 
025B:  MOVLW  02
025C:  MOVWF  25
025D:  MOVLW  FA
025E:  MOVWF  26
025F:  CALL   004
0260:  DECFSZ 25,F
0261:  GOTO   25D
....................    portb = display[1];  
0262:  MOVLW  06
0263:  MOVWF  06
....................    BIT_SET(LED); 
0264:  BSF    06.7
....................    delay_ms(500);    
0265:  MOVLW  02
0266:  MOVWF  25
0267:  MOVLW  FA
0268:  MOVWF  26
0269:  CALL   004
026A:  DECFSZ 25,F
026B:  GOTO   267
....................    BIT_CLEAR(LED); 
026C:  BCF    06.7
....................    delay_ms(500); 
026D:  MOVLW  02
026E:  MOVWF  25
026F:  MOVLW  FA
0270:  MOVWF  26
0271:  CALL   004
0272:  DECFSZ 25,F
0273:  GOTO   26F
....................    portb = display[0];  
0274:  MOVLW  3F
0275:  MOVWF  06
....................    BIT_SET(LED);    
0276:  BSF    06.7
....................    delay_ms(500); 
0277:  MOVLW  02
0278:  MOVWF  25
0279:  MOVLW  FA
027A:  MOVWF  26
027B:  CALL   004
027C:  DECFSZ 25,F
027D:  GOTO   279
....................    BIT_CLEAR(LED); 
027E:  BCF    06.7
....................    delay_ms(500); 
027F:  MOVLW  02
0280:  MOVWF  25
0281:  MOVLW  FA
0282:  MOVWF  26
0283:  CALL   004
0284:  DECFSZ 25,F
0285:  GOTO   281
....................    while(true){    
....................       onTime = (int)(duty*50);     
0286:  MOVF   23,W
0287:  MOVWF  28
0288:  MOVF   22,W
0289:  MOVWF  27
028A:  MOVF   21,W
028B:  MOVWF  26
028C:  MOVF   20,W
028D:  MOVWF  25
028E:  CLRF   2C
028F:  CLRF   2B
0290:  MOVLW  48
0291:  MOVWF  2A
0292:  MOVLW  84
0293:  MOVWF  29
0294:  GOTO   018
0295:  MOVF   7A,W
0296:  MOVWF  28
0297:  MOVF   79,W
0298:  MOVWF  27
0299:  MOVF   78,W
029A:  MOVWF  26
029B:  MOVF   77,W
029C:  MOVWF  25
029D:  GOTO   08D
029E:  MOVF   78,W
029F:  MOVWF  24
....................       BIT_SET(LED); 
02A0:  BSF    06.7
....................       delay_ms(onTime); 
02A1:  MOVF   24,W
02A2:  MOVWF  26
02A3:  CALL   004
....................       BIT_CLEAR(LED);        
02A4:  BCF    06.7
....................       delay_ms(50-onTime);                
02A5:  MOVF   24,W
02A6:  SUBLW  32
02A7:  MOVWF  25
02A8:  MOVWF  26
02A9:  CALL   004
....................          if(!BIT_TEST(SW1) && duty<=0.90){ 
02AA:  BTFSC  05.0
02AB:  GOTO   2D9
02AC:  MOVF   23,W
02AD:  MOVWF  28
02AE:  MOVF   22,W
02AF:  MOVWF  27
02B0:  MOVF   21,W
02B1:  MOVWF  26
02B2:  MOVF   20,W
02B3:  MOVWF  25
02B4:  MOVLW  66
02B5:  MOVWF  2C
02B6:  MOVWF  2B
02B7:  MOVWF  2A
02B8:  MOVLW  7E
02B9:  MOVWF  29
02BA:  CALL   0AC
02BB:  BTFSC  03.0
02BC:  GOTO   2BF
02BD:  BTFSS  03.2
02BE:  GOTO   2D9
....................            duty+=0.01;   
02BF:  BCF    03.1
02C0:  MOVF   23,W
02C1:  MOVWF  28
02C2:  MOVF   22,W
02C3:  MOVWF  27
02C4:  MOVF   21,W
02C5:  MOVWF  26
02C6:  MOVF   20,W
02C7:  MOVWF  25
02C8:  MOVLW  0A
02C9:  MOVWF  2C
02CA:  MOVLW  D7
02CB:  MOVWF  2B
02CC:  MOVLW  23
02CD:  MOVWF  2A
02CE:  MOVLW  78
02CF:  MOVWF  29
02D0:  CALL   0EB
02D1:  MOVF   7A,W
02D2:  MOVWF  23
02D3:  MOVF   79,W
02D4:  MOVWF  22
02D5:  MOVF   78,W
02D6:  MOVWF  21
02D7:  MOVF   77,W
02D8:  MOVWF  20
....................          } 
....................          if(!BIT_TEST(SW2) && duty>=0.10){          
02D9:  BTFSC  05.1
02DA:  GOTO   30A
02DB:  MOVLW  CD
02DC:  MOVWF  28
02DD:  MOVLW  CC
02DE:  MOVWF  27
02DF:  MOVLW  4C
02E0:  MOVWF  26
02E1:  MOVLW  7B
02E2:  MOVWF  25
02E3:  MOVF   23,W
02E4:  MOVWF  2C
02E5:  MOVF   22,W
02E6:  MOVWF  2B
02E7:  MOVF   21,W
02E8:  MOVWF  2A
02E9:  MOVF   20,W
02EA:  MOVWF  29
02EB:  CALL   0AC
02EC:  BTFSC  03.0
02ED:  GOTO   2F0
02EE:  BTFSS  03.2
02EF:  GOTO   30A
....................             duty-=0.01;             
02F0:  BSF    03.1
02F1:  MOVF   23,W
02F2:  MOVWF  28
02F3:  MOVF   22,W
02F4:  MOVWF  27
02F5:  MOVF   21,W
02F6:  MOVWF  26
02F7:  MOVF   20,W
02F8:  MOVWF  25
02F9:  MOVLW  0A
02FA:  MOVWF  2C
02FB:  MOVLW  D7
02FC:  MOVWF  2B
02FD:  MOVLW  23
02FE:  MOVWF  2A
02FF:  MOVLW  78
0300:  MOVWF  29
0301:  CALL   0EB
0302:  MOVF   7A,W
0303:  MOVWF  23
0304:  MOVF   79,W
0305:  MOVWF  22
0306:  MOVF   78,W
0307:  MOVWF  21
0308:  MOVF   77,W
0309:  MOVWF  20
....................          } 
....................          if(duty>=0.09 && duty<=0.10){ 
030A:  MOVLW  EC
030B:  MOVWF  28
030C:  MOVLW  51
030D:  MOVWF  27
030E:  MOVLW  38
030F:  MOVWF  26
0310:  MOVLW  7B
0311:  MOVWF  25
0312:  MOVF   23,W
0313:  MOVWF  2C
0314:  MOVF   22,W
0315:  MOVWF  2B
0316:  MOVF   21,W
0317:  MOVWF  2A
0318:  MOVF   20,W
0319:  MOVWF  29
031A:  CALL   0AC
031B:  BTFSC  03.0
031C:  GOTO   31F
031D:  BTFSS  03.2
031E:  GOTO   336
031F:  MOVF   23,W
0320:  MOVWF  28
0321:  MOVF   22,W
0322:  MOVWF  27
0323:  MOVF   21,W
0324:  MOVWF  26
0325:  MOVF   20,W
0326:  MOVWF  25
0327:  MOVLW  CD
0328:  MOVWF  2C
0329:  MOVLW  CC
032A:  MOVWF  2B
032B:  MOVLW  4C
032C:  MOVWF  2A
032D:  MOVLW  7B
032E:  MOVWF  29
032F:  CALL   0AC
0330:  BTFSC  03.0
0331:  GOTO   334
0332:  BTFSS  03.2
0333:  GOTO   336
....................             portb = display[1]; 
0334:  MOVLW  06
0335:  MOVWF  06
....................          } 
....................          if(duty>=0.19 && duty<=0.20){ 
0336:  MOVLW  5C
0337:  MOVWF  28
0338:  MOVLW  8F
0339:  MOVWF  27
033A:  MOVLW  42
033B:  MOVWF  26
033C:  MOVLW  7C
033D:  MOVWF  25
033E:  MOVF   23,W
033F:  MOVWF  2C
0340:  MOVF   22,W
0341:  MOVWF  2B
0342:  MOVF   21,W
0343:  MOVWF  2A
0344:  MOVF   20,W
0345:  MOVWF  29
0346:  CALL   0AC
0347:  BTFSC  03.0
0348:  GOTO   34B
0349:  BTFSS  03.2
034A:  GOTO   362
034B:  MOVF   23,W
034C:  MOVWF  28
034D:  MOVF   22,W
034E:  MOVWF  27
034F:  MOVF   21,W
0350:  MOVWF  26
0351:  MOVF   20,W
0352:  MOVWF  25
0353:  MOVLW  CD
0354:  MOVWF  2C
0355:  MOVLW  CC
0356:  MOVWF  2B
0357:  MOVLW  4C
0358:  MOVWF  2A
0359:  MOVLW  7C
035A:  MOVWF  29
035B:  CALL   0AC
035C:  BTFSC  03.0
035D:  GOTO   360
035E:  BTFSS  03.2
035F:  GOTO   362
....................             portb = display[2]; 
0360:  MOVLW  5B
0361:  MOVWF  06
....................          } 
....................          if(duty>=0.29 && duty<=0.30){ 
0362:  MOVLW  E1
0363:  MOVWF  28
0364:  MOVLW  7A
0365:  MOVWF  27
0366:  MOVLW  14
0367:  MOVWF  26
0368:  MOVLW  7D
0369:  MOVWF  25
036A:  MOVF   23,W
036B:  MOVWF  2C
036C:  MOVF   22,W
036D:  MOVWF  2B
036E:  MOVF   21,W
036F:  MOVWF  2A
0370:  MOVF   20,W
0371:  MOVWF  29
0372:  CALL   0AC
0373:  BTFSC  03.0
0374:  GOTO   377
0375:  BTFSS  03.2
0376:  GOTO   38E
0377:  MOVF   23,W
0378:  MOVWF  28
0379:  MOVF   22,W
037A:  MOVWF  27
037B:  MOVF   21,W
037C:  MOVWF  26
037D:  MOVF   20,W
037E:  MOVWF  25
037F:  MOVLW  9A
0380:  MOVWF  2C
0381:  MOVLW  99
0382:  MOVWF  2B
0383:  MOVLW  19
0384:  MOVWF  2A
0385:  MOVLW  7D
0386:  MOVWF  29
0387:  CALL   0AC
0388:  BTFSC  03.0
0389:  GOTO   38C
038A:  BTFSS  03.2
038B:  GOTO   38E
....................             portb = display[3]; 
038C:  MOVLW  4F
038D:  MOVWF  06
....................          } 
....................          if(duty>=0.39 && duty<=0.40){ 
038E:  MOVLW  14
038F:  MOVWF  28
0390:  MOVLW  AE
0391:  MOVWF  27
0392:  MOVLW  47
0393:  MOVWF  26
0394:  MOVLW  7D
0395:  MOVWF  25
0396:  MOVF   23,W
0397:  MOVWF  2C
0398:  MOVF   22,W
0399:  MOVWF  2B
039A:  MOVF   21,W
039B:  MOVWF  2A
039C:  MOVF   20,W
039D:  MOVWF  29
039E:  CALL   0AC
039F:  BTFSC  03.0
03A0:  GOTO   3A3
03A1:  BTFSS  03.2
03A2:  GOTO   3BA
03A3:  MOVF   23,W
03A4:  MOVWF  28
03A5:  MOVF   22,W
03A6:  MOVWF  27
03A7:  MOVF   21,W
03A8:  MOVWF  26
03A9:  MOVF   20,W
03AA:  MOVWF  25
03AB:  MOVLW  CD
03AC:  MOVWF  2C
03AD:  MOVLW  CC
03AE:  MOVWF  2B
03AF:  MOVLW  4C
03B0:  MOVWF  2A
03B1:  MOVLW  7D
03B2:  MOVWF  29
03B3:  CALL   0AC
03B4:  BTFSC  03.0
03B5:  GOTO   3B8
03B6:  BTFSS  03.2
03B7:  GOTO   3BA
....................             portb = display[4]; 
03B8:  MOVLW  66
03B9:  MOVWF  06
....................          } 
....................          if(duty>=0.49 && duty<=0.50){ 
03BA:  MOVLW  48
03BB:  MOVWF  28
03BC:  MOVLW  E1
03BD:  MOVWF  27
03BE:  MOVLW  7A
03BF:  MOVWF  26
03C0:  MOVLW  7D
03C1:  MOVWF  25
03C2:  MOVF   23,W
03C3:  MOVWF  2C
03C4:  MOVF   22,W
03C5:  MOVWF  2B
03C6:  MOVF   21,W
03C7:  MOVWF  2A
03C8:  MOVF   20,W
03C9:  MOVWF  29
03CA:  CALL   0AC
03CB:  BTFSC  03.0
03CC:  GOTO   3CF
03CD:  BTFSS  03.2
03CE:  GOTO   3E3
03CF:  MOVF   23,W
03D0:  MOVWF  28
03D1:  MOVF   22,W
03D2:  MOVWF  27
03D3:  MOVF   21,W
03D4:  MOVWF  26
03D5:  MOVF   20,W
03D6:  MOVWF  25
03D7:  CLRF   2C
03D8:  CLRF   2B
03D9:  CLRF   2A
03DA:  MOVLW  7E
03DB:  MOVWF  29
03DC:  CALL   0AC
03DD:  BTFSC  03.0
03DE:  GOTO   3E1
03DF:  BTFSS  03.2
03E0:  GOTO   3E3
....................             portb = display[5]; 
03E1:  MOVLW  6D
03E2:  MOVWF  06
....................          } 
....................          if(duty>=0.59 && duty<=0.60){ 
03E3:  MOVLW  3D
03E4:  MOVWF  28
03E5:  MOVLW  0A
03E6:  MOVWF  27
03E7:  MOVLW  17
03E8:  MOVWF  26
03E9:  MOVLW  7E
03EA:  MOVWF  25
03EB:  MOVF   23,W
03EC:  MOVWF  2C
03ED:  MOVF   22,W
03EE:  MOVWF  2B
03EF:  MOVF   21,W
03F0:  MOVWF  2A
03F1:  MOVF   20,W
03F2:  MOVWF  29
03F3:  CALL   0AC
03F4:  BTFSC  03.0
03F5:  GOTO   3F8
03F6:  BTFSS  03.2
03F7:  GOTO   40F
03F8:  MOVF   23,W
03F9:  MOVWF  28
03FA:  MOVF   22,W
03FB:  MOVWF  27
03FC:  MOVF   21,W
03FD:  MOVWF  26
03FE:  MOVF   20,W
03FF:  MOVWF  25
0400:  MOVLW  9A
0401:  MOVWF  2C
0402:  MOVLW  99
0403:  MOVWF  2B
0404:  MOVLW  19
0405:  MOVWF  2A
0406:  MOVLW  7E
0407:  MOVWF  29
0408:  CALL   0AC
0409:  BTFSC  03.0
040A:  GOTO   40D
040B:  BTFSS  03.2
040C:  GOTO   40F
....................             portb = display[6]; 
040D:  MOVLW  7D
040E:  MOVWF  06
....................          } 
....................          if(duty>=0.69 && duty<=0.70){ 
040F:  MOVLW  D7
0410:  MOVWF  28
0411:  MOVLW  A3
0412:  MOVWF  27
0413:  MOVLW  30
0414:  MOVWF  26
0415:  MOVLW  7E
0416:  MOVWF  25
0417:  MOVF   23,W
0418:  MOVWF  2C
0419:  MOVF   22,W
041A:  MOVWF  2B
041B:  MOVF   21,W
041C:  MOVWF  2A
041D:  MOVF   20,W
041E:  MOVWF  29
041F:  CALL   0AC
0420:  BTFSC  03.0
0421:  GOTO   424
0422:  BTFSS  03.2
0423:  GOTO   439
0424:  MOVF   23,W
0425:  MOVWF  28
0426:  MOVF   22,W
0427:  MOVWF  27
0428:  MOVF   21,W
0429:  MOVWF  26
042A:  MOVF   20,W
042B:  MOVWF  25
042C:  MOVLW  33
042D:  MOVWF  2C
042E:  MOVWF  2B
042F:  MOVWF  2A
0430:  MOVLW  7E
0431:  MOVWF  29
0432:  CALL   0AC
0433:  BTFSC  03.0
0434:  GOTO   437
0435:  BTFSS  03.2
0436:  GOTO   439
....................             portb = display[7]; 
0437:  MOVLW  07
0438:  MOVWF  06
....................          } 
....................          if(duty>=0.79 && duty<=0.80){ 
0439:  MOVLW  71
043A:  MOVWF  28
043B:  MOVLW  3D
043C:  MOVWF  27
043D:  MOVLW  4A
043E:  MOVWF  26
043F:  MOVLW  7E
0440:  MOVWF  25
0441:  MOVF   23,W
0442:  MOVWF  2C
0443:  MOVF   22,W
0444:  MOVWF  2B
0445:  MOVF   21,W
0446:  MOVWF  2A
0447:  MOVF   20,W
0448:  MOVWF  29
0449:  CALL   0AC
044A:  BTFSC  03.0
044B:  GOTO   44E
044C:  BTFSS  03.2
044D:  GOTO   465
044E:  MOVF   23,W
044F:  MOVWF  28
0450:  MOVF   22,W
0451:  MOVWF  27
0452:  MOVF   21,W
0453:  MOVWF  26
0454:  MOVF   20,W
0455:  MOVWF  25
0456:  MOVLW  CD
0457:  MOVWF  2C
0458:  MOVLW  CC
0459:  MOVWF  2B
045A:  MOVLW  4C
045B:  MOVWF  2A
045C:  MOVLW  7E
045D:  MOVWF  29
045E:  CALL   0AC
045F:  BTFSC  03.0
0460:  GOTO   463
0461:  BTFSS  03.2
0462:  GOTO   465
....................             portb = display[8]; 
0463:  MOVLW  7F
0464:  MOVWF  06
....................          } 
....................          if(duty>=0.89 && duty<=0.90){ 
0465:  MOVLW  0A
0466:  MOVWF  28
0467:  MOVLW  D7
0468:  MOVWF  27
0469:  MOVLW  63
046A:  MOVWF  26
046B:  MOVLW  7E
046C:  MOVWF  25
046D:  MOVF   23,W
046E:  MOVWF  2C
046F:  MOVF   22,W
0470:  MOVWF  2B
0471:  MOVF   21,W
0472:  MOVWF  2A
0473:  MOVF   20,W
0474:  MOVWF  29
0475:  CALL   0AC
0476:  BTFSC  03.0
0477:  GOTO   47A
0478:  BTFSS  03.2
0479:  GOTO   48F
047A:  MOVF   23,W
047B:  MOVWF  28
047C:  MOVF   22,W
047D:  MOVWF  27
047E:  MOVF   21,W
047F:  MOVWF  26
0480:  MOVF   20,W
0481:  MOVWF  25
0482:  MOVLW  66
0483:  MOVWF  2C
0484:  MOVWF  2B
0485:  MOVWF  2A
0486:  MOVLW  7E
0487:  MOVWF  29
0488:  CALL   0AC
0489:  BTFSC  03.0
048A:  GOTO   48D
048B:  BTFSS  03.2
048C:  GOTO   48F
....................             portb = display[9]; 
048D:  MOVLW  67
048E:  MOVWF  06
....................          }           
048F:  GOTO   286
....................    } 
.................... } 
....................  
0490:  SLEEP
....................  
....................  

Configuration Fuses:
   Word  1: 3F2A   NOWDT NOPUT HS MCLR NOBROWNOUT NOLVP NOCPD NOPROTECT
