CCS PCM C Compiler, Version 5.083, 13314               07-ene.-20 18:42

               Filename:   D:\Users\Usuario\Documents\WORKSPACE_PIC_C\PWM_16F628A\PWM_16F628A.lst

               ROM used:   1118 words (55%)
                           Largest free fragment is 930
               RAM used:   11 (5%) at main() level
                           26 (12%) worst case
               Stack used: 1 locations
               Stack size: 8

*
0000:  MOVLW  02
0001:  MOVWF  0A
0002:  GOTO   22D
0003:  NOP
.................... #include <16F628A.h> 
.................... //////////// Standard Header file for the PIC16F628A device //////////////// 
.................... /////////////////////////////////////////////////////////////////////////// 
.................... ////        (C) Copyright 1996, 2014 Custom Computer Services          //// 
.................... //// This source code may only be used by licensed users of the CCS C  //// 
.................... //// compiler.  This source code may only be distributed to other      //// 
.................... //// licensed users of the CCS C compiler.  No other use, reproduction //// 
.................... //// or distribution is permitted without written permission.          //// 
.................... //// Derivative programs created using this software in object code    //// 
.................... //// form are not restricted in any way.                               //// 
.................... /////////////////////////////////////////////////////////////////////////// 
.................... #device PIC16F628A 
0004:  MOVF   25,W
0005:  BTFSC  03.2
0006:  GOTO   075
0007:  MOVWF  2D
0008:  MOVF   29,W
0009:  BTFSC  03.2
000A:  GOTO   075
000B:  ADDWF  2D,F
000C:  BTFSS  03.0
000D:  GOTO   00F
000E:  GOTO   016
000F:  MOVLW  7F
0010:  SUBWF  2D,F
0011:  BTFSS  03.0
0012:  GOTO   075
0013:  BTFSC  03.2
0014:  GOTO   075
0015:  GOTO   01A
0016:  MOVLW  81
0017:  ADDWF  2D,F
0018:  BTFSC  03.0
0019:  GOTO   075
001A:  MOVF   2D,W
001B:  MOVWF  77
001C:  CLRF   78
001D:  CLRF   79
001E:  CLRF   7A
001F:  MOVF   26,W
0020:  MOVWF  31
0021:  BSF    31.7
0022:  MOVF   27,W
0023:  MOVWF  30
0024:  MOVF   28,W
0025:  MOVWF  2F
0026:  MOVLW  18
0027:  MOVWF  2D
0028:  CLRF   2E
0029:  BTFSS  2F.0
002A:  GOTO   043
002B:  MOVF   2C,W
002C:  ADDWF  7A,F
002D:  BTFSS  03.0
002E:  GOTO   035
002F:  INCF   79,F
0030:  BTFSS  03.2
0031:  GOTO   035
0032:  INCF   78,F
0033:  BTFSC  03.2
0034:  BSF    2E.7
0035:  MOVF   2B,W
0036:  ADDWF  79,F
0037:  BTFSS  03.0
0038:  GOTO   03C
0039:  INCF   78,F
003A:  BTFSC  03.2
003B:  BSF    2E.7
003C:  MOVF   2A,W
003D:  MOVWF  27
003E:  BSF    27.7
003F:  MOVF   27,W
0040:  ADDWF  78,F
0041:  BTFSC  03.0
0042:  BSF    2E.7
0043:  RLF    2E,F
0044:  RRF    78,F
0045:  RRF    79,F
0046:  RRF    7A,F
0047:  RRF    31,F
0048:  RRF    30,F
0049:  RRF    2F,F
004A:  BCF    03.0
004B:  DECFSZ 2D,F
004C:  GOTO   028
004D:  MOVLW  01
004E:  ADDWF  77,F
004F:  BTFSC  03.0
0050:  GOTO   075
0051:  BTFSC  78.7
0052:  GOTO   05A
0053:  RLF    31,F
0054:  RLF    7A,F
0055:  RLF    79,F
0056:  RLF    78,F
0057:  DECF   77,F
0058:  BTFSC  03.2
0059:  GOTO   075
005A:  BTFSS  31.7
005B:  GOTO   06B
005C:  INCF   7A,F
005D:  BTFSS  03.2
005E:  GOTO   06B
005F:  INCF   79,F
0060:  BTFSS  03.2
0061:  GOTO   06B
0062:  INCF   78,F
0063:  BTFSS  03.2
0064:  GOTO   06B
0065:  RRF    78,F
0066:  RRF    79,F
0067:  RRF    7A,F
0068:  INCF   77,F
0069:  BTFSC  03.2
006A:  GOTO   075
006B:  MOVF   26,W
006C:  MOVWF  2E
006D:  MOVF   2A,W
006E:  XORWF  2E,F
006F:  BTFSS  2E.7
0070:  GOTO   073
0071:  BSF    78.7
0072:  GOTO   079
0073:  BCF    78.7
0074:  GOTO   079
0075:  CLRF   77
0076:  CLRF   78
0077:  CLRF   79
0078:  CLRF   7A
0079:  GOTO   262 (RETURN)
007A:  MOVLW  8E
007B:  MOVWF  77
007C:  MOVF   25,W
007D:  SUBWF  77,F
007E:  MOVF   26,W
007F:  MOVWF  79
0080:  MOVF   27,W
0081:  MOVWF  78
0082:  BSF    79.7
0083:  MOVF   77,F
0084:  BTFSC  03.2
0085:  GOTO   091
0086:  BCF    03.0
0087:  MOVF   79,F
0088:  BTFSS  03.2
0089:  GOTO   08D
008A:  MOVF   78,F
008B:  BTFSC  03.2
008C:  GOTO   091
008D:  RRF    79,F
008E:  RRF    78,F
008F:  DECFSZ 77,F
0090:  GOTO   086
0091:  BTFSS  26.7
0092:  GOTO   098
0093:  COMF   78,F
0094:  COMF   79,F
0095:  INCF   78,F
0096:  BTFSC  03.2
0097:  INCF   79,F
0098:  GOTO   26B (RETURN)
*
00AD:  MOVF   26,W
00AE:  MOVWF  2D
00AF:  MOVF   2A,W
00B0:  XORWF  2D,F
00B1:  BTFSS  2D.7
00B2:  GOTO   0B8
00B3:  BCF    03.2
00B4:  BCF    03.0
00B5:  BTFSC  26.7
00B6:  BSF    03.0
00B7:  GOTO   0EB
00B8:  MOVF   26,W
00B9:  MOVWF  2D
00BA:  MOVF   29,W
00BB:  MOVWF  2E
00BC:  MOVF   25,W
00BD:  SUBWF  2E,F
00BE:  BTFSC  03.2
00BF:  GOTO   0C6
00C0:  BTFSS  2D.7
00C1:  GOTO   0EB
00C2:  MOVF   03,W
00C3:  XORLW  01
00C4:  MOVWF  03
00C5:  GOTO   0EB
00C6:  MOVF   2A,W
00C7:  MOVWF  2E
00C8:  MOVF   26,W
00C9:  SUBWF  2E,F
00CA:  BTFSC  03.2
00CB:  GOTO   0D2
00CC:  BTFSS  2D.7
00CD:  GOTO   0EB
00CE:  MOVF   03,W
00CF:  XORLW  01
00D0:  MOVWF  03
00D1:  GOTO   0EB
00D2:  MOVF   2B,W
00D3:  MOVWF  2E
00D4:  MOVF   27,W
00D5:  SUBWF  2E,F
00D6:  BTFSC  03.2
00D7:  GOTO   0DE
00D8:  BTFSS  2D.7
00D9:  GOTO   0EB
00DA:  MOVF   03,W
00DB:  XORLW  01
00DC:  MOVWF  03
00DD:  GOTO   0EB
00DE:  MOVF   2C,W
00DF:  MOVWF  2E
00E0:  MOVF   28,W
00E1:  SUBWF  2E,F
00E2:  BTFSC  03.2
00E3:  GOTO   0EA
00E4:  BTFSS  2D.7
00E5:  GOTO   0EB
00E6:  MOVF   03,W
00E7:  XORLW  01
00E8:  MOVWF  03
00E9:  GOTO   0EB
00EA:  BCF    03.0
00EB:  RETURN
00EC:  MOVLW  80
00ED:  BTFSC  03.1
00EE:  XORWF  2A,F
00EF:  CLRF   2F
00F0:  CLRF   30
00F1:  MOVF   26,W
00F2:  MOVWF  2E
00F3:  MOVF   2A,W
00F4:  XORWF  2E,F
00F5:  MOVF   25,W
00F6:  BTFSC  03.2
00F7:  GOTO   1DC
00F8:  MOVWF  2D
00F9:  MOVWF  77
00FA:  MOVF   29,W
00FB:  BTFSC  03.2
00FC:  GOTO   1E5
00FD:  SUBWF  2D,F
00FE:  BTFSC  03.2
00FF:  GOTO   181
0100:  BTFSS  03.0
0101:  GOTO   13F
0102:  MOVF   2A,W
0103:  MOVWF  33
0104:  BSF    33.7
0105:  MOVF   2B,W
0106:  MOVWF  32
0107:  MOVF   2C,W
0108:  MOVWF  31
0109:  CLRF   30
010A:  BCF    03.0
010B:  RRF    33,F
010C:  RRF    32,F
010D:  RRF    31,F
010E:  RRF    30,F
010F:  DECFSZ 2D,F
0110:  GOTO   109
0111:  BTFSS  2E.7
0112:  GOTO   116
0113:  BSF    2F.0
0114:  GOTO   1F9
0115:  BCF    2F.0
0116:  BCF    2D.0
0117:  BSF    2F.4
0118:  MOVLW  28
0119:  MOVWF  04
011A:  BCF    03.7
011B:  GOTO   20E
011C:  BCF    2F.4
011D:  BTFSC  2E.7
011E:  GOTO   129
011F:  BTFSS  2D.0
0120:  GOTO   134
0121:  RRF    33,F
0122:  RRF    32,F
0123:  RRF    31,F
0124:  RRF    30,F
0125:  INCF   77,F
0126:  BTFSC  03.2
0127:  GOTO   1F4
0128:  GOTO   134
0129:  BTFSC  33.7
012A:  GOTO   137
012B:  BCF    03.0
012C:  RLF    30,F
012D:  RLF    31,F
012E:  RLF    32,F
012F:  RLF    33,F
0130:  DECF   77,F
0131:  BTFSC  03.2
0132:  GOTO   1F4
0133:  GOTO   129
0134:  BSF    2F.6
0135:  GOTO   1A1
0136:  BCF    2F.6
0137:  MOVF   26,W
0138:  MOVWF  2E
0139:  BTFSS  2E.7
013A:  GOTO   13D
013B:  BSF    33.7
013C:  GOTO   1ED
013D:  BCF    33.7
013E:  GOTO   1ED
013F:  MOVF   29,W
0140:  MOVWF  2D
0141:  MOVWF  77
0142:  MOVF   25,W
0143:  SUBWF  2D,F
0144:  MOVF   26,W
0145:  MOVWF  33
0146:  BSF    33.7
0147:  MOVF   27,W
0148:  MOVWF  32
0149:  MOVF   28,W
014A:  MOVWF  31
014B:  CLRF   30
014C:  BCF    03.0
014D:  RRF    33,F
014E:  RRF    32,F
014F:  RRF    31,F
0150:  RRF    30,F
0151:  DECFSZ 2D,F
0152:  GOTO   14B
0153:  BTFSS  2E.7
0154:  GOTO   158
0155:  BSF    2F.1
0156:  GOTO   1F9
0157:  BCF    2F.1
0158:  BCF    2D.0
0159:  BSF    2F.5
015A:  MOVLW  2C
015B:  MOVWF  04
015C:  BCF    03.7
015D:  GOTO   20E
015E:  BCF    2F.5
015F:  BTFSC  2E.7
0160:  GOTO   16B
0161:  BTFSS  2D.0
0162:  GOTO   176
0163:  RRF    33,F
0164:  RRF    32,F
0165:  RRF    31,F
0166:  RRF    30,F
0167:  INCF   77,F
0168:  BTFSC  03.2
0169:  GOTO   1F4
016A:  GOTO   176
016B:  BTFSC  33.7
016C:  GOTO   179
016D:  BCF    03.0
016E:  RLF    30,F
016F:  RLF    31,F
0170:  RLF    32,F
0171:  RLF    33,F
0172:  DECF   77,F
0173:  BTFSC  03.2
0174:  GOTO   1F4
0175:  GOTO   16B
0176:  BSF    2F.7
0177:  GOTO   1A1
0178:  BCF    2F.7
0179:  MOVF   2A,W
017A:  MOVWF  2E
017B:  BTFSS  2E.7
017C:  GOTO   17F
017D:  BSF    33.7
017E:  GOTO   1ED
017F:  BCF    33.7
0180:  GOTO   1ED
0181:  MOVF   2A,W
0182:  MOVWF  33
0183:  BSF    33.7
0184:  MOVF   2B,W
0185:  MOVWF  32
0186:  MOVF   2C,W
0187:  MOVWF  31
0188:  BTFSS  2E.7
0189:  GOTO   18E
018A:  BCF    33.7
018B:  BSF    2F.2
018C:  GOTO   1F9
018D:  BCF    2F.2
018E:  CLRF   30
018F:  BCF    2D.0
0190:  MOVLW  28
0191:  MOVWF  04
0192:  BCF    03.7
0193:  GOTO   20E
0194:  BTFSC  2E.7
0195:  GOTO   1B7
0196:  MOVF   26,W
0197:  MOVWF  2E
0198:  BTFSS  2D.0
0199:  GOTO   1A1
019A:  RRF    33,F
019B:  RRF    32,F
019C:  RRF    31,F
019D:  RRF    30,F
019E:  INCF   77,F
019F:  BTFSC  03.2
01A0:  GOTO   1F4
01A1:  BTFSS  30.7
01A2:  GOTO   1B2
01A3:  INCF   31,F
01A4:  BTFSS  03.2
01A5:  GOTO   1B2
01A6:  INCF   32,F
01A7:  BTFSS  03.2
01A8:  GOTO   1B2
01A9:  INCF   33,F
01AA:  BTFSS  03.2
01AB:  GOTO   1B2
01AC:  RRF    33,F
01AD:  RRF    32,F
01AE:  RRF    31,F
01AF:  INCF   77,F
01B0:  BTFSC  03.2
01B1:  GOTO   1F4
01B2:  BTFSC  2F.6
01B3:  GOTO   136
01B4:  BTFSC  2F.7
01B5:  GOTO   178
01B6:  GOTO   1D6
01B7:  MOVLW  80
01B8:  XORWF  33,F
01B9:  BTFSS  33.7
01BA:  GOTO   1BF
01BB:  GOTO   1F9
01BC:  MOVF   2A,W
01BD:  MOVWF  2E
01BE:  GOTO   1CC
01BF:  MOVF   26,W
01C0:  MOVWF  2E
01C1:  MOVF   33,F
01C2:  BTFSS  03.2
01C3:  GOTO   1CC
01C4:  MOVF   32,F
01C5:  BTFSS  03.2
01C6:  GOTO   1CC
01C7:  MOVF   31,F
01C8:  BTFSS  03.2
01C9:  GOTO   1CC
01CA:  CLRF   77
01CB:  GOTO   1ED
01CC:  BTFSC  33.7
01CD:  GOTO   1D6
01CE:  BCF    03.0
01CF:  RLF    30,F
01D0:  RLF    31,F
01D1:  RLF    32,F
01D2:  RLF    33,F
01D3:  DECFSZ 77,F
01D4:  GOTO   1CC
01D5:  GOTO   1F4
01D6:  BTFSS  2E.7
01D7:  GOTO   1DA
01D8:  BSF    33.7
01D9:  GOTO   1ED
01DA:  BCF    33.7
01DB:  GOTO   1ED
01DC:  MOVF   29,W
01DD:  MOVWF  77
01DE:  MOVF   2A,W
01DF:  MOVWF  33
01E0:  MOVF   2B,W
01E1:  MOVWF  32
01E2:  MOVF   2C,W
01E3:  MOVWF  31
01E4:  GOTO   1ED
01E5:  MOVF   25,W
01E6:  MOVWF  77
01E7:  MOVF   26,W
01E8:  MOVWF  33
01E9:  MOVF   27,W
01EA:  MOVWF  32
01EB:  MOVF   28,W
01EC:  MOVWF  31
01ED:  MOVF   33,W
01EE:  MOVWF  78
01EF:  MOVF   32,W
01F0:  MOVWF  79
01F1:  MOVF   31,W
01F2:  MOVWF  7A
01F3:  GOTO   22C
01F4:  CLRF   77
01F5:  CLRF   78
01F6:  CLRF   79
01F7:  CLRF   7A
01F8:  GOTO   22C
01F9:  CLRF   30
01FA:  COMF   31,F
01FB:  COMF   32,F
01FC:  COMF   33,F
01FD:  COMF   30,F
01FE:  INCF   30,F
01FF:  BTFSS  03.2
0200:  GOTO   207
0201:  INCF   31,F
0202:  BTFSS  03.2
0203:  GOTO   207
0204:  INCF   32,F
0205:  BTFSC  03.2
0206:  INCF   33,F
0207:  BTFSC  2F.0
0208:  GOTO   115
0209:  BTFSC  2F.1
020A:  GOTO   157
020B:  BTFSC  2F.2
020C:  GOTO   18D
020D:  GOTO   1BC
020E:  MOVF   00,W
020F:  ADDWF  31,F
0210:  BTFSS  03.0
0211:  GOTO   218
0212:  INCF   32,F
0213:  BTFSS  03.2
0214:  GOTO   218
0215:  INCF   33,F
0216:  BTFSC  03.2
0217:  BSF    2D.0
0218:  DECF   04,F
0219:  MOVF   00,W
021A:  ADDWF  32,F
021B:  BTFSS  03.0
021C:  GOTO   220
021D:  INCF   33,F
021E:  BTFSC  03.2
021F:  BSF    2D.0
0220:  DECF   04,F
0221:  MOVF   00,W
0222:  BTFSS  00.7
0223:  XORLW  80
0224:  ADDWF  33,F
0225:  BTFSC  03.0
0226:  BSF    2D.0
0227:  BTFSC  2F.4
0228:  GOTO   11C
0229:  BTFSC  2F.5
022A:  GOTO   15E
022B:  GOTO   194
022C:  RETURN
....................  
.................... #list 
....................  
.................... #use delay(clock=20000000) 
*
0099:  MOVLW  26
009A:  MOVWF  04
009B:  BCF    03.7
009C:  MOVF   00,W
009D:  BTFSC  03.2
009E:  GOTO   0AC
009F:  MOVLW  06
00A0:  MOVWF  78
00A1:  CLRF   77
00A2:  DECFSZ 77,F
00A3:  GOTO   0A2
00A4:  DECFSZ 78,F
00A5:  GOTO   0A1
00A6:  MOVLW  7B
00A7:  MOVWF  77
00A8:  DECFSZ 77,F
00A9:  GOTO   0A8
00AA:  DECFSZ 00,F
00AB:  GOTO   09F
00AC:  RETURN
.................... #FUSES NOWDT                    //No Watch Dog Timer 
.................... #FUSES HS                       //High speed Osc (> 4mhz for PCM/PCH) (>10mhz for PCD) 
.................... #FUSES NOPUT                    //No Power Up Timer 
.................... #FUSES NOPROTECT                //Code not protected from reading 
.................... #FUSES NOBROWNOUT               //No brownout reset 
.................... #FUSES MCLR                     //Master Clear pin enabled 
.................... #FUSES NOLVP                    //No low voltage prgming, B3(PIC16) or B5(PIC18) used for I/O 
.................... #FUSES NOCPD                    //No EE protection 
....................  
.................... //-------------------- PRUEBA 1 ----------------------- 
.................... #DEFINE SW1 PORTA,0 
.................... #DEFINE SW2 PORTA,1 
.................... #DEFINE LED PORTB,7 
.................... #BYTE PORTB= 6 
.................... #BYTE PORTA= 5  
....................  
.................... Byte CONST display[10]= {0x3f,0x06,0x5b,0x4f,0x66,0x6d,0x7d,0x07,0x7f,0x67}; 
....................  
.................... float duty=0.10; 
.................... int onTime; 
....................  
.................... void main(){    
*
022D:  MOVF   03,W
022E:  ANDLW  1F
022F:  MOVWF  03
0230:  MOVLW  CD
0231:  MOVWF  23
0232:  MOVLW  CC
0233:  MOVWF  22
0234:  MOVLW  4C
0235:  MOVWF  21
0236:  MOVLW  7B
0237:  MOVWF  20
0238:  MOVLW  07
0239:  MOVWF  1F
023A:  BCF    03.7
....................    set_tris_a(0xFF); //TODOS ENTRADAS 
023B:  MOVLW  FF
023C:  BSF    03.5
023D:  MOVWF  05
....................    set_tris_b(0x00); // TODOS PINES SALIDAS DIGITALES 
023E:  MOVLW  00
023F:  MOVWF  06
....................     
....................    setup_comparator(NC_NC_NC_NC); 
0240:  MOVLW  07
0241:  BCF    03.5
0242:  MOVWF  1F
0243:  BSF    03.5
0244:  MOVF   05,W
0245:  MOVWF  05
0246:  MOVLW  10
0247:  MOVWF  77
0248:  DECFSZ 77,F
0249:  GOTO   248
024A:  NOP
024B:  BCF    03.5
024C:  MOVF   1F,W
024D:  BCF    0C.6
....................    setup_vref(FALSE);  
024E:  BSF    03.5
024F:  CLRF   1F
....................     
....................    portb = display[1]; //display 1 
0250:  MOVLW  06
0251:  BCF    03.5
0252:  MOVWF  06
....................    while(true){    
....................       onTime = (int)(duty*50);     
0253:  MOVF   23,W
0254:  MOVWF  28
0255:  MOVF   22,W
0256:  MOVWF  27
0257:  MOVF   21,W
0258:  MOVWF  26
0259:  MOVF   20,W
025A:  MOVWF  25
025B:  CLRF   2C
025C:  CLRF   2B
025D:  MOVLW  48
025E:  MOVWF  2A
025F:  MOVLW  84
0260:  MOVWF  29
0261:  GOTO   004
0262:  MOVF   7A,W
0263:  MOVWF  28
0264:  MOVF   79,W
0265:  MOVWF  27
0266:  MOVF   78,W
0267:  MOVWF  26
0268:  MOVF   77,W
0269:  MOVWF  25
026A:  GOTO   07A
026B:  MOVF   78,W
026C:  MOVWF  24
....................       BIT_SET(LED); 
026D:  BSF    06.7
....................       delay_ms(onTime); 
026E:  MOVF   24,W
026F:  MOVWF  26
0270:  CALL   099
....................       BIT_CLEAR(LED);        
0271:  BCF    06.7
....................       delay_ms(50-onTime);                
0272:  MOVF   24,W
0273:  SUBLW  32
0274:  MOVWF  25
0275:  MOVWF  26
0276:  CALL   099
....................          if(!BIT_TEST(SW1) && duty<=0.90){ 
0277:  BTFSC  05.0
0278:  GOTO   2A6
0279:  MOVF   23,W
027A:  MOVWF  28
027B:  MOVF   22,W
027C:  MOVWF  27
027D:  MOVF   21,W
027E:  MOVWF  26
027F:  MOVF   20,W
0280:  MOVWF  25
0281:  MOVLW  66
0282:  MOVWF  2C
0283:  MOVWF  2B
0284:  MOVWF  2A
0285:  MOVLW  7E
0286:  MOVWF  29
0287:  CALL   0AD
0288:  BTFSC  03.0
0289:  GOTO   28C
028A:  BTFSS  03.2
028B:  GOTO   2A6
....................            duty+=0.01;   
028C:  BCF    03.1
028D:  MOVF   23,W
028E:  MOVWF  28
028F:  MOVF   22,W
0290:  MOVWF  27
0291:  MOVF   21,W
0292:  MOVWF  26
0293:  MOVF   20,W
0294:  MOVWF  25
0295:  MOVLW  0A
0296:  MOVWF  2C
0297:  MOVLW  D7
0298:  MOVWF  2B
0299:  MOVLW  23
029A:  MOVWF  2A
029B:  MOVLW  78
029C:  MOVWF  29
029D:  CALL   0EC
029E:  MOVF   7A,W
029F:  MOVWF  23
02A0:  MOVF   79,W
02A1:  MOVWF  22
02A2:  MOVF   78,W
02A3:  MOVWF  21
02A4:  MOVF   77,W
02A5:  MOVWF  20
....................          } 
....................          if(!BIT_TEST(SW2) && duty>=0.10){          
02A6:  BTFSC  05.1
02A7:  GOTO   2D7
02A8:  MOVLW  CD
02A9:  MOVWF  28
02AA:  MOVLW  CC
02AB:  MOVWF  27
02AC:  MOVLW  4C
02AD:  MOVWF  26
02AE:  MOVLW  7B
02AF:  MOVWF  25
02B0:  MOVF   23,W
02B1:  MOVWF  2C
02B2:  MOVF   22,W
02B3:  MOVWF  2B
02B4:  MOVF   21,W
02B5:  MOVWF  2A
02B6:  MOVF   20,W
02B7:  MOVWF  29
02B8:  CALL   0AD
02B9:  BTFSC  03.0
02BA:  GOTO   2BD
02BB:  BTFSS  03.2
02BC:  GOTO   2D7
....................             duty-=0.01;             
02BD:  BSF    03.1
02BE:  MOVF   23,W
02BF:  MOVWF  28
02C0:  MOVF   22,W
02C1:  MOVWF  27
02C2:  MOVF   21,W
02C3:  MOVWF  26
02C4:  MOVF   20,W
02C5:  MOVWF  25
02C6:  MOVLW  0A
02C7:  MOVWF  2C
02C8:  MOVLW  D7
02C9:  MOVWF  2B
02CA:  MOVLW  23
02CB:  MOVWF  2A
02CC:  MOVLW  78
02CD:  MOVWF  29
02CE:  CALL   0EC
02CF:  MOVF   7A,W
02D0:  MOVWF  23
02D1:  MOVF   79,W
02D2:  MOVWF  22
02D3:  MOVF   78,W
02D4:  MOVWF  21
02D5:  MOVF   77,W
02D6:  MOVWF  20
....................          } 
....................          if(duty>=0.09 && duty<=0.10){ 
02D7:  MOVLW  EC
02D8:  MOVWF  28
02D9:  MOVLW  51
02DA:  MOVWF  27
02DB:  MOVLW  38
02DC:  MOVWF  26
02DD:  MOVLW  7B
02DE:  MOVWF  25
02DF:  MOVF   23,W
02E0:  MOVWF  2C
02E1:  MOVF   22,W
02E2:  MOVWF  2B
02E3:  MOVF   21,W
02E4:  MOVWF  2A
02E5:  MOVF   20,W
02E6:  MOVWF  29
02E7:  CALL   0AD
02E8:  BTFSC  03.0
02E9:  GOTO   2EC
02EA:  BTFSS  03.2
02EB:  GOTO   303
02EC:  MOVF   23,W
02ED:  MOVWF  28
02EE:  MOVF   22,W
02EF:  MOVWF  27
02F0:  MOVF   21,W
02F1:  MOVWF  26
02F2:  MOVF   20,W
02F3:  MOVWF  25
02F4:  MOVLW  CD
02F5:  MOVWF  2C
02F6:  MOVLW  CC
02F7:  MOVWF  2B
02F8:  MOVLW  4C
02F9:  MOVWF  2A
02FA:  MOVLW  7B
02FB:  MOVWF  29
02FC:  CALL   0AD
02FD:  BTFSC  03.0
02FE:  GOTO   301
02FF:  BTFSS  03.2
0300:  GOTO   303
....................             portb = display[1]; 
0301:  MOVLW  06
0302:  MOVWF  06
....................          } 
....................          if(duty>=0.19 && duty<=0.20){ 
0303:  MOVLW  5C
0304:  MOVWF  28
0305:  MOVLW  8F
0306:  MOVWF  27
0307:  MOVLW  42
0308:  MOVWF  26
0309:  MOVLW  7C
030A:  MOVWF  25
030B:  MOVF   23,W
030C:  MOVWF  2C
030D:  MOVF   22,W
030E:  MOVWF  2B
030F:  MOVF   21,W
0310:  MOVWF  2A
0311:  MOVF   20,W
0312:  MOVWF  29
0313:  CALL   0AD
0314:  BTFSC  03.0
0315:  GOTO   318
0316:  BTFSS  03.2
0317:  GOTO   32F
0318:  MOVF   23,W
0319:  MOVWF  28
031A:  MOVF   22,W
031B:  MOVWF  27
031C:  MOVF   21,W
031D:  MOVWF  26
031E:  MOVF   20,W
031F:  MOVWF  25
0320:  MOVLW  CD
0321:  MOVWF  2C
0322:  MOVLW  CC
0323:  MOVWF  2B
0324:  MOVLW  4C
0325:  MOVWF  2A
0326:  MOVLW  7C
0327:  MOVWF  29
0328:  CALL   0AD
0329:  BTFSC  03.0
032A:  GOTO   32D
032B:  BTFSS  03.2
032C:  GOTO   32F
....................             portb = display[2]; 
032D:  MOVLW  5B
032E:  MOVWF  06
....................          } 
....................          if(duty>=0.29 && duty<=0.30){ 
032F:  MOVLW  E1
0330:  MOVWF  28
0331:  MOVLW  7A
0332:  MOVWF  27
0333:  MOVLW  14
0334:  MOVWF  26
0335:  MOVLW  7D
0336:  MOVWF  25
0337:  MOVF   23,W
0338:  MOVWF  2C
0339:  MOVF   22,W
033A:  MOVWF  2B
033B:  MOVF   21,W
033C:  MOVWF  2A
033D:  MOVF   20,W
033E:  MOVWF  29
033F:  CALL   0AD
0340:  BTFSC  03.0
0341:  GOTO   344
0342:  BTFSS  03.2
0343:  GOTO   35B
0344:  MOVF   23,W
0345:  MOVWF  28
0346:  MOVF   22,W
0347:  MOVWF  27
0348:  MOVF   21,W
0349:  MOVWF  26
034A:  MOVF   20,W
034B:  MOVWF  25
034C:  MOVLW  9A
034D:  MOVWF  2C
034E:  MOVLW  99
034F:  MOVWF  2B
0350:  MOVLW  19
0351:  MOVWF  2A
0352:  MOVLW  7D
0353:  MOVWF  29
0354:  CALL   0AD
0355:  BTFSC  03.0
0356:  GOTO   359
0357:  BTFSS  03.2
0358:  GOTO   35B
....................             portb = display[3]; 
0359:  MOVLW  4F
035A:  MOVWF  06
....................          } 
....................          if(duty>=0.39 && duty<=0.40){ 
035B:  MOVLW  14
035C:  MOVWF  28
035D:  MOVLW  AE
035E:  MOVWF  27
035F:  MOVLW  47
0360:  MOVWF  26
0361:  MOVLW  7D
0362:  MOVWF  25
0363:  MOVF   23,W
0364:  MOVWF  2C
0365:  MOVF   22,W
0366:  MOVWF  2B
0367:  MOVF   21,W
0368:  MOVWF  2A
0369:  MOVF   20,W
036A:  MOVWF  29
036B:  CALL   0AD
036C:  BTFSC  03.0
036D:  GOTO   370
036E:  BTFSS  03.2
036F:  GOTO   387
0370:  MOVF   23,W
0371:  MOVWF  28
0372:  MOVF   22,W
0373:  MOVWF  27
0374:  MOVF   21,W
0375:  MOVWF  26
0376:  MOVF   20,W
0377:  MOVWF  25
0378:  MOVLW  CD
0379:  MOVWF  2C
037A:  MOVLW  CC
037B:  MOVWF  2B
037C:  MOVLW  4C
037D:  MOVWF  2A
037E:  MOVLW  7D
037F:  MOVWF  29
0380:  CALL   0AD
0381:  BTFSC  03.0
0382:  GOTO   385
0383:  BTFSS  03.2
0384:  GOTO   387
....................             portb = display[4]; 
0385:  MOVLW  66
0386:  MOVWF  06
....................          } 
....................          if(duty>=0.49 && duty<=0.50){ 
0387:  MOVLW  48
0388:  MOVWF  28
0389:  MOVLW  E1
038A:  MOVWF  27
038B:  MOVLW  7A
038C:  MOVWF  26
038D:  MOVLW  7D
038E:  MOVWF  25
038F:  MOVF   23,W
0390:  MOVWF  2C
0391:  MOVF   22,W
0392:  MOVWF  2B
0393:  MOVF   21,W
0394:  MOVWF  2A
0395:  MOVF   20,W
0396:  MOVWF  29
0397:  CALL   0AD
0398:  BTFSC  03.0
0399:  GOTO   39C
039A:  BTFSS  03.2
039B:  GOTO   3B0
039C:  MOVF   23,W
039D:  MOVWF  28
039E:  MOVF   22,W
039F:  MOVWF  27
03A0:  MOVF   21,W
03A1:  MOVWF  26
03A2:  MOVF   20,W
03A3:  MOVWF  25
03A4:  CLRF   2C
03A5:  CLRF   2B
03A6:  CLRF   2A
03A7:  MOVLW  7E
03A8:  MOVWF  29
03A9:  CALL   0AD
03AA:  BTFSC  03.0
03AB:  GOTO   3AE
03AC:  BTFSS  03.2
03AD:  GOTO   3B0
....................             portb = display[5]; 
03AE:  MOVLW  6D
03AF:  MOVWF  06
....................          } 
....................          if(duty>=0.59 && duty<=0.60){ 
03B0:  MOVLW  3D
03B1:  MOVWF  28
03B2:  MOVLW  0A
03B3:  MOVWF  27
03B4:  MOVLW  17
03B5:  MOVWF  26
03B6:  MOVLW  7E
03B7:  MOVWF  25
03B8:  MOVF   23,W
03B9:  MOVWF  2C
03BA:  MOVF   22,W
03BB:  MOVWF  2B
03BC:  MOVF   21,W
03BD:  MOVWF  2A
03BE:  MOVF   20,W
03BF:  MOVWF  29
03C0:  CALL   0AD
03C1:  BTFSC  03.0
03C2:  GOTO   3C5
03C3:  BTFSS  03.2
03C4:  GOTO   3DC
03C5:  MOVF   23,W
03C6:  MOVWF  28
03C7:  MOVF   22,W
03C8:  MOVWF  27
03C9:  MOVF   21,W
03CA:  MOVWF  26
03CB:  MOVF   20,W
03CC:  MOVWF  25
03CD:  MOVLW  9A
03CE:  MOVWF  2C
03CF:  MOVLW  99
03D0:  MOVWF  2B
03D1:  MOVLW  19
03D2:  MOVWF  2A
03D3:  MOVLW  7E
03D4:  MOVWF  29
03D5:  CALL   0AD
03D6:  BTFSC  03.0
03D7:  GOTO   3DA
03D8:  BTFSS  03.2
03D9:  GOTO   3DC
....................             portb = display[6]; 
03DA:  MOVLW  7D
03DB:  MOVWF  06
....................          } 
....................          if(duty>=0.69 && duty<=0.70){ 
03DC:  MOVLW  D7
03DD:  MOVWF  28
03DE:  MOVLW  A3
03DF:  MOVWF  27
03E0:  MOVLW  30
03E1:  MOVWF  26
03E2:  MOVLW  7E
03E3:  MOVWF  25
03E4:  MOVF   23,W
03E5:  MOVWF  2C
03E6:  MOVF   22,W
03E7:  MOVWF  2B
03E8:  MOVF   21,W
03E9:  MOVWF  2A
03EA:  MOVF   20,W
03EB:  MOVWF  29
03EC:  CALL   0AD
03ED:  BTFSC  03.0
03EE:  GOTO   3F1
03EF:  BTFSS  03.2
03F0:  GOTO   406
03F1:  MOVF   23,W
03F2:  MOVWF  28
03F3:  MOVF   22,W
03F4:  MOVWF  27
03F5:  MOVF   21,W
03F6:  MOVWF  26
03F7:  MOVF   20,W
03F8:  MOVWF  25
03F9:  MOVLW  33
03FA:  MOVWF  2C
03FB:  MOVWF  2B
03FC:  MOVWF  2A
03FD:  MOVLW  7E
03FE:  MOVWF  29
03FF:  CALL   0AD
0400:  BTFSC  03.0
0401:  GOTO   404
0402:  BTFSS  03.2
0403:  GOTO   406
....................             portb = display[7]; 
0404:  MOVLW  07
0405:  MOVWF  06
....................          } 
....................          if(duty>=0.79 && duty<=0.80){ 
0406:  MOVLW  71
0407:  MOVWF  28
0408:  MOVLW  3D
0409:  MOVWF  27
040A:  MOVLW  4A
040B:  MOVWF  26
040C:  MOVLW  7E
040D:  MOVWF  25
040E:  MOVF   23,W
040F:  MOVWF  2C
0410:  MOVF   22,W
0411:  MOVWF  2B
0412:  MOVF   21,W
0413:  MOVWF  2A
0414:  MOVF   20,W
0415:  MOVWF  29
0416:  CALL   0AD
0417:  BTFSC  03.0
0418:  GOTO   41B
0419:  BTFSS  03.2
041A:  GOTO   432
041B:  MOVF   23,W
041C:  MOVWF  28
041D:  MOVF   22,W
041E:  MOVWF  27
041F:  MOVF   21,W
0420:  MOVWF  26
0421:  MOVF   20,W
0422:  MOVWF  25
0423:  MOVLW  CD
0424:  MOVWF  2C
0425:  MOVLW  CC
0426:  MOVWF  2B
0427:  MOVLW  4C
0428:  MOVWF  2A
0429:  MOVLW  7E
042A:  MOVWF  29
042B:  CALL   0AD
042C:  BTFSC  03.0
042D:  GOTO   430
042E:  BTFSS  03.2
042F:  GOTO   432
....................             portb = display[8]; 
0430:  MOVLW  7F
0431:  MOVWF  06
....................          } 
....................          if(duty>=0.89 && duty<=0.90){ 
0432:  MOVLW  0A
0433:  MOVWF  28
0434:  MOVLW  D7
0435:  MOVWF  27
0436:  MOVLW  63
0437:  MOVWF  26
0438:  MOVLW  7E
0439:  MOVWF  25
043A:  MOVF   23,W
043B:  MOVWF  2C
043C:  MOVF   22,W
043D:  MOVWF  2B
043E:  MOVF   21,W
043F:  MOVWF  2A
0440:  MOVF   20,W
0441:  MOVWF  29
0442:  CALL   0AD
0443:  BTFSC  03.0
0444:  GOTO   447
0445:  BTFSS  03.2
0446:  GOTO   45C
0447:  MOVF   23,W
0448:  MOVWF  28
0449:  MOVF   22,W
044A:  MOVWF  27
044B:  MOVF   21,W
044C:  MOVWF  26
044D:  MOVF   20,W
044E:  MOVWF  25
044F:  MOVLW  66
0450:  MOVWF  2C
0451:  MOVWF  2B
0452:  MOVWF  2A
0453:  MOVLW  7E
0454:  MOVWF  29
0455:  CALL   0AD
0456:  BTFSC  03.0
0457:  GOTO   45A
0458:  BTFSS  03.2
0459:  GOTO   45C
....................             portb = display[9]; 
045A:  MOVLW  67
045B:  MOVWF  06
....................          }           
045C:  GOTO   253
....................    } 
.................... } 
....................  
045D:  SLEEP
....................  
....................  

Configuration Fuses:
   Word  1: 3F2A   NOWDT NOPUT HS MCLR NOBROWNOUT NOLVP NOCPD NOPROTECT
