CCS PCM C Compiler, Version 5.061, 56587               08-ene.-20 23:23

               Filename:   C:\Users\NICOLAS\Documents\PROYECTOS\PWM_16f628a\programa_PIC_PWM\PWM_16F628A.lst

               ROM used:   1167 words (57%)
                           Largest free fragment is 881
               RAM used:   11 (5%) at main() level
                           26 (12%) worst case
               Stack used: 1 locations
               Stack size: 8

*
0000:  MOVLW  02
0001:  MOVWF  0A
0002:  GOTO   22C
0003:  NOP
.................... #include <16F628A.h> 
.................... //////////// Standard Header file for the PIC16F628A device //////////////// 
.................... /////////////////////////////////////////////////////////////////////////// 
.................... ////        (C) Copyright 1996, 2014 Custom Computer Services          //// 
.................... //// This source code may only be used by licensed users of the CCS C  //// 
.................... //// compiler.  This source code may only be distributed to other      //// 
.................... //// licensed users of the CCS C compiler.  No other use, reproduction //// 
.................... //// or distribution is permitted without written permission.          //// 
.................... //// Derivative programs created using this software in object code    //// 
.................... //// form are not restricted in any way.                               //// 
.................... /////////////////////////////////////////////////////////////////////////// 
.................... #device PIC16F628A 
*
0018:  MOVF   25,W
0019:  BTFSC  03.2
001A:  GOTO   088
001B:  MOVWF  2D
001C:  MOVF   29,W
001D:  BTFSC  03.2
001E:  GOTO   088
001F:  ADDWF  2D,F
0020:  BTFSC  03.0
0021:  GOTO   029
0022:  MOVLW  7F
0023:  SUBWF  2D,F
0024:  BTFSS  03.0
0025:  GOTO   088
0026:  BTFSC  03.2
0027:  GOTO   088
0028:  GOTO   02D
0029:  MOVLW  81
002A:  ADDWF  2D,F
002B:  BTFSC  03.0
002C:  GOTO   088
002D:  MOVF   2D,W
002E:  MOVWF  77
002F:  CLRF   78
0030:  CLRF   79
0031:  CLRF   7A
0032:  MOVF   26,W
0033:  MOVWF  31
0034:  BSF    31.7
0035:  MOVF   27,W
0036:  MOVWF  30
0037:  MOVF   28,W
0038:  MOVWF  2F
0039:  MOVLW  18
003A:  MOVWF  2D
003B:  CLRF   2E
003C:  BTFSS  2F.0
003D:  GOTO   056
003E:  MOVF   2C,W
003F:  ADDWF  7A,F
0040:  BTFSS  03.0
0041:  GOTO   048
0042:  INCF   79,F
0043:  BTFSS  03.2
0044:  GOTO   048
0045:  INCF   78,F
0046:  BTFSC  03.2
0047:  BSF    2E.7
0048:  MOVF   2B,W
0049:  ADDWF  79,F
004A:  BTFSS  03.0
004B:  GOTO   04F
004C:  INCF   78,F
004D:  BTFSC  03.2
004E:  BSF    2E.7
004F:  MOVF   2A,W
0050:  MOVWF  27
0051:  BSF    27.7
0052:  MOVF   27,W
0053:  ADDWF  78,F
0054:  BTFSC  03.0
0055:  BSF    2E.7
0056:  RLF    2E,F
0057:  RRF    78,F
0058:  RRF    79,F
0059:  RRF    7A,F
005A:  RRF    31,F
005B:  RRF    30,F
005C:  RRF    2F,F
005D:  BCF    03.0
005E:  DECFSZ 2D,F
005F:  GOTO   03B
0060:  MOVLW  01
0061:  ADDWF  77,F
0062:  BTFSC  03.0
0063:  GOTO   088
0064:  BTFSC  78.7
0065:  GOTO   06D
0066:  RLF    31,F
0067:  RLF    7A,F
0068:  RLF    79,F
0069:  RLF    78,F
006A:  DECF   77,F
006B:  BTFSC  03.2
006C:  GOTO   088
006D:  BTFSS  31.7
006E:  GOTO   07E
006F:  INCF   7A,F
0070:  BTFSS  03.2
0071:  GOTO   07E
0072:  INCF   79,F
0073:  BTFSS  03.2
0074:  GOTO   07E
0075:  INCF   78,F
0076:  BTFSS  03.2
0077:  GOTO   07E
0078:  RRF    78,F
0079:  RRF    79,F
007A:  RRF    7A,F
007B:  INCF   77,F
007C:  BTFSC  03.2
007D:  GOTO   088
007E:  MOVF   26,W
007F:  MOVWF  2E
0080:  MOVF   2A,W
0081:  XORWF  2E,F
0082:  BTFSS  2E.7
0083:  GOTO   086
0084:  BSF    78.7
0085:  GOTO   08C
0086:  BCF    78.7
0087:  GOTO   08C
0088:  CLRF   77
0089:  CLRF   78
008A:  CLRF   79
008B:  CLRF   7A
008C:  GOTO   293 (RETURN)
008D:  MOVLW  8E
008E:  MOVWF  77
008F:  MOVF   25,W
0090:  SUBWF  77,F
0091:  MOVF   26,W
0092:  MOVWF  79
0093:  MOVF   27,W
0094:  MOVWF  78
0095:  BSF    79.7
0096:  MOVF   77,F
0097:  BTFSC  03.2
0098:  GOTO   0A4
0099:  BCF    03.0
009A:  MOVF   79,F
009B:  BTFSS  03.2
009C:  GOTO   0A0
009D:  MOVF   78,F
009E:  BTFSC  03.2
009F:  GOTO   0A4
00A0:  RRF    79,F
00A1:  RRF    78,F
00A2:  DECFSZ 77,F
00A3:  GOTO   099
00A4:  BTFSS  26.7
00A5:  GOTO   0AB
00A6:  COMF   78,F
00A7:  COMF   79,F
00A8:  INCF   78,F
00A9:  BTFSC  03.2
00AA:  INCF   79,F
00AB:  GOTO   29C (RETURN)
00AC:  MOVF   26,W
00AD:  MOVWF  2D
00AE:  MOVF   2A,W
00AF:  XORWF  2D,F
00B0:  BTFSS  2D.7
00B1:  GOTO   0B7
00B2:  BCF    03.2
00B3:  BCF    03.0
00B4:  BTFSC  26.7
00B5:  BSF    03.0
00B6:  GOTO   0EA
00B7:  MOVF   26,W
00B8:  MOVWF  2D
00B9:  MOVF   29,W
00BA:  MOVWF  2E
00BB:  MOVF   25,W
00BC:  SUBWF  2E,F
00BD:  BTFSC  03.2
00BE:  GOTO   0C5
00BF:  BTFSS  2D.7
00C0:  GOTO   0EA
00C1:  MOVF   03,W
00C2:  XORLW  01
00C3:  MOVWF  03
00C4:  GOTO   0EA
00C5:  MOVF   2A,W
00C6:  MOVWF  2E
00C7:  MOVF   26,W
00C8:  SUBWF  2E,F
00C9:  BTFSC  03.2
00CA:  GOTO   0D1
00CB:  BTFSS  2D.7
00CC:  GOTO   0EA
00CD:  MOVF   03,W
00CE:  XORLW  01
00CF:  MOVWF  03
00D0:  GOTO   0EA
00D1:  MOVF   2B,W
00D2:  MOVWF  2E
00D3:  MOVF   27,W
00D4:  SUBWF  2E,F
00D5:  BTFSC  03.2
00D6:  GOTO   0DD
00D7:  BTFSS  2D.7
00D8:  GOTO   0EA
00D9:  MOVF   03,W
00DA:  XORLW  01
00DB:  MOVWF  03
00DC:  GOTO   0EA
00DD:  MOVF   2C,W
00DE:  MOVWF  2E
00DF:  MOVF   28,W
00E0:  SUBWF  2E,F
00E1:  BTFSC  03.2
00E2:  GOTO   0E9
00E3:  BTFSS  2D.7
00E4:  GOTO   0EA
00E5:  MOVF   03,W
00E6:  XORLW  01
00E7:  MOVWF  03
00E8:  GOTO   0EA
00E9:  BCF    03.0
00EA:  RETURN
00EB:  MOVLW  80
00EC:  BTFSC  03.1
00ED:  XORWF  2A,F
00EE:  CLRF   2F
00EF:  CLRF   30
00F0:  MOVF   26,W
00F1:  MOVWF  2E
00F2:  MOVF   2A,W
00F3:  XORWF  2E,F
00F4:  MOVF   25,W
00F5:  BTFSC  03.2
00F6:  GOTO   1DB
00F7:  MOVWF  2D
00F8:  MOVWF  77
00F9:  MOVF   29,W
00FA:  BTFSC  03.2
00FB:  GOTO   1E4
00FC:  SUBWF  2D,F
00FD:  BTFSC  03.2
00FE:  GOTO   180
00FF:  BTFSS  03.0
0100:  GOTO   13E
0101:  MOVF   2A,W
0102:  MOVWF  33
0103:  BSF    33.7
0104:  MOVF   2B,W
0105:  MOVWF  32
0106:  MOVF   2C,W
0107:  MOVWF  31
0108:  CLRF   30
0109:  BCF    03.0
010A:  RRF    33,F
010B:  RRF    32,F
010C:  RRF    31,F
010D:  RRF    30,F
010E:  DECFSZ 2D,F
010F:  GOTO   108
0110:  BTFSS  2E.7
0111:  GOTO   115
0112:  BSF    2F.0
0113:  GOTO   1F8
0114:  BCF    2F.0
0115:  BCF    2D.0
0116:  BSF    2F.4
0117:  MOVLW  28
0118:  MOVWF  04
0119:  BCF    03.7
011A:  GOTO   20D
011B:  BCF    2F.4
011C:  BTFSC  2E.7
011D:  GOTO   128
011E:  BTFSS  2D.0
011F:  GOTO   133
0120:  RRF    33,F
0121:  RRF    32,F
0122:  RRF    31,F
0123:  RRF    30,F
0124:  INCF   77,F
0125:  BTFSC  03.2
0126:  GOTO   1F3
0127:  GOTO   133
0128:  BTFSC  33.7
0129:  GOTO   136
012A:  BCF    03.0
012B:  RLF    30,F
012C:  RLF    31,F
012D:  RLF    32,F
012E:  RLF    33,F
012F:  DECF   77,F
0130:  BTFSC  03.2
0131:  GOTO   1F3
0132:  GOTO   128
0133:  BSF    2F.6
0134:  GOTO   1A0
0135:  BCF    2F.6
0136:  MOVF   26,W
0137:  MOVWF  2E
0138:  BTFSS  2E.7
0139:  GOTO   13C
013A:  BSF    33.7
013B:  GOTO   1EC
013C:  BCF    33.7
013D:  GOTO   1EC
013E:  MOVF   29,W
013F:  MOVWF  2D
0140:  MOVWF  77
0141:  MOVF   25,W
0142:  SUBWF  2D,F
0143:  MOVF   26,W
0144:  MOVWF  33
0145:  BSF    33.7
0146:  MOVF   27,W
0147:  MOVWF  32
0148:  MOVF   28,W
0149:  MOVWF  31
014A:  CLRF   30
014B:  BCF    03.0
014C:  RRF    33,F
014D:  RRF    32,F
014E:  RRF    31,F
014F:  RRF    30,F
0150:  DECFSZ 2D,F
0151:  GOTO   14A
0152:  BTFSS  2E.7
0153:  GOTO   157
0154:  BSF    2F.1
0155:  GOTO   1F8
0156:  BCF    2F.1
0157:  BCF    2D.0
0158:  BSF    2F.5
0159:  MOVLW  2C
015A:  MOVWF  04
015B:  BCF    03.7
015C:  GOTO   20D
015D:  BCF    2F.5
015E:  BTFSC  2E.7
015F:  GOTO   16A
0160:  BTFSS  2D.0
0161:  GOTO   175
0162:  RRF    33,F
0163:  RRF    32,F
0164:  RRF    31,F
0165:  RRF    30,F
0166:  INCF   77,F
0167:  BTFSC  03.2
0168:  GOTO   1F3
0169:  GOTO   175
016A:  BTFSC  33.7
016B:  GOTO   178
016C:  BCF    03.0
016D:  RLF    30,F
016E:  RLF    31,F
016F:  RLF    32,F
0170:  RLF    33,F
0171:  DECF   77,F
0172:  BTFSC  03.2
0173:  GOTO   1F3
0174:  GOTO   16A
0175:  BSF    2F.7
0176:  GOTO   1A0
0177:  BCF    2F.7
0178:  MOVF   2A,W
0179:  MOVWF  2E
017A:  BTFSS  2E.7
017B:  GOTO   17E
017C:  BSF    33.7
017D:  GOTO   1EC
017E:  BCF    33.7
017F:  GOTO   1EC
0180:  MOVF   2A,W
0181:  MOVWF  33
0182:  BSF    33.7
0183:  MOVF   2B,W
0184:  MOVWF  32
0185:  MOVF   2C,W
0186:  MOVWF  31
0187:  BTFSS  2E.7
0188:  GOTO   18D
0189:  BCF    33.7
018A:  BSF    2F.2
018B:  GOTO   1F8
018C:  BCF    2F.2
018D:  CLRF   30
018E:  BCF    2D.0
018F:  MOVLW  28
0190:  MOVWF  04
0191:  BCF    03.7
0192:  GOTO   20D
0193:  BTFSC  2E.7
0194:  GOTO   1B6
0195:  MOVF   26,W
0196:  MOVWF  2E
0197:  BTFSS  2D.0
0198:  GOTO   1A0
0199:  RRF    33,F
019A:  RRF    32,F
019B:  RRF    31,F
019C:  RRF    30,F
019D:  INCF   77,F
019E:  BTFSC  03.2
019F:  GOTO   1F3
01A0:  BTFSS  30.7
01A1:  GOTO   1B1
01A2:  INCF   31,F
01A3:  BTFSS  03.2
01A4:  GOTO   1B1
01A5:  INCF   32,F
01A6:  BTFSS  03.2
01A7:  GOTO   1B1
01A8:  INCF   33,F
01A9:  BTFSS  03.2
01AA:  GOTO   1B1
01AB:  RRF    33,F
01AC:  RRF    32,F
01AD:  RRF    31,F
01AE:  INCF   77,F
01AF:  BTFSC  03.2
01B0:  GOTO   1F3
01B1:  BTFSC  2F.6
01B2:  GOTO   135
01B3:  BTFSC  2F.7
01B4:  GOTO   177
01B5:  GOTO   1D5
01B6:  MOVLW  80
01B7:  XORWF  33,F
01B8:  BTFSS  33.7
01B9:  GOTO   1BE
01BA:  GOTO   1F8
01BB:  MOVF   2A,W
01BC:  MOVWF  2E
01BD:  GOTO   1CB
01BE:  MOVF   26,W
01BF:  MOVWF  2E
01C0:  MOVF   33,F
01C1:  BTFSS  03.2
01C2:  GOTO   1CB
01C3:  MOVF   32,F
01C4:  BTFSS  03.2
01C5:  GOTO   1CB
01C6:  MOVF   31,F
01C7:  BTFSS  03.2
01C8:  GOTO   1CB
01C9:  CLRF   77
01CA:  GOTO   1EC
01CB:  BTFSC  33.7
01CC:  GOTO   1D5
01CD:  BCF    03.0
01CE:  RLF    30,F
01CF:  RLF    31,F
01D0:  RLF    32,F
01D1:  RLF    33,F
01D2:  DECFSZ 77,F
01D3:  GOTO   1CB
01D4:  GOTO   1F3
01D5:  BTFSS  2E.7
01D6:  GOTO   1D9
01D7:  BSF    33.7
01D8:  GOTO   1EC
01D9:  BCF    33.7
01DA:  GOTO   1EC
01DB:  MOVF   29,W
01DC:  MOVWF  77
01DD:  MOVF   2A,W
01DE:  MOVWF  33
01DF:  MOVF   2B,W
01E0:  MOVWF  32
01E1:  MOVF   2C,W
01E2:  MOVWF  31
01E3:  GOTO   1EC
01E4:  MOVF   25,W
01E5:  MOVWF  77
01E6:  MOVF   26,W
01E7:  MOVWF  33
01E8:  MOVF   27,W
01E9:  MOVWF  32
01EA:  MOVF   28,W
01EB:  MOVWF  31
01EC:  MOVF   33,W
01ED:  MOVWF  78
01EE:  MOVF   32,W
01EF:  MOVWF  79
01F0:  MOVF   31,W
01F1:  MOVWF  7A
01F2:  GOTO   22B
01F3:  CLRF   77
01F4:  CLRF   78
01F5:  CLRF   79
01F6:  CLRF   7A
01F7:  GOTO   22B
01F8:  CLRF   30
01F9:  COMF   31,F
01FA:  COMF   32,F
01FB:  COMF   33,F
01FC:  COMF   30,F
01FD:  INCF   30,F
01FE:  BTFSS  03.2
01FF:  GOTO   206
0200:  INCF   31,F
0201:  BTFSS  03.2
0202:  GOTO   206
0203:  INCF   32,F
0204:  BTFSC  03.2
0205:  INCF   33,F
0206:  BTFSC  2F.0
0207:  GOTO   114
0208:  BTFSC  2F.1
0209:  GOTO   156
020A:  BTFSC  2F.2
020B:  GOTO   18C
020C:  GOTO   1BB
020D:  MOVF   00,W
020E:  ADDWF  31,F
020F:  BTFSS  03.0
0210:  GOTO   217
0211:  INCF   32,F
0212:  BTFSS  03.2
0213:  GOTO   217
0214:  INCF   33,F
0215:  BTFSC  03.2
0216:  BSF    2D.0
0217:  DECF   04,F
0218:  MOVF   00,W
0219:  ADDWF  32,F
021A:  BTFSS  03.0
021B:  GOTO   21F
021C:  INCF   33,F
021D:  BTFSC  03.2
021E:  BSF    2D.0
021F:  DECF   04,F
0220:  MOVF   00,W
0221:  BTFSS  00.7
0222:  XORLW  80
0223:  ADDWF  33,F
0224:  BTFSC  03.0
0225:  BSF    2D.0
0226:  BTFSC  2F.4
0227:  GOTO   11B
0228:  BTFSC  2F.5
0229:  GOTO   15D
022A:  GOTO   193
022B:  RETURN
....................  
.................... #list 
....................  
.................... #use delay(clock=20000000) 
*
0004:  MOVLW  26
0005:  MOVWF  04
0006:  BCF    03.7
0007:  MOVF   00,W
0008:  BTFSC  03.2
0009:  GOTO   017
000A:  MOVLW  06
000B:  MOVWF  78
000C:  CLRF   77
000D:  DECFSZ 77,F
000E:  GOTO   00D
000F:  DECFSZ 78,F
0010:  GOTO   00C
0011:  MOVLW  7B
0012:  MOVWF  77
0013:  DECFSZ 77,F
0014:  GOTO   013
0015:  DECFSZ 00,F
0016:  GOTO   00A
0017:  RETURN
.................... #FUSES NOWDT                    //No Watch Dog Timer 
.................... #FUSES HS                       //High speed Osc (> 4mhz for PCM/PCH) (>10mhz for PCD) 
.................... #FUSES NOPUT                    //No Power Up Timer 
.................... #FUSES NOPROTECT                //Code not protected from reading 
.................... #FUSES NOBROWNOUT               //No brownout reset 
.................... #FUSES MCLR                     //Master Clear pin enabled 
.................... #FUSES NOLVP                    //No low voltage prgming, B3(PIC16) or B5(PIC18) used for I/O 
.................... #FUSES NOCPD                    //No EE protection 
.................... //----------------------------------------------------------------------------- 
.................... #DEFINE SW1 PORTA,0 
.................... #DEFINE SW2 PORTA,1 
.................... #DEFINE LED PORTB,7 
.................... #BYTE PORTB= 6 
.................... #BYTE PORTA= 5  
....................  
....................  
.................... Byte CONST display[10]= {0x3f,0x06,0x5b,0x4f,0x66,0x6d,0x7d,0x07,0x7f,0x67}; 
....................  
.................... float duty=0.90; 
.................... int onTime; 
....................  
.................... void main(){    
*
022C:  MOVF   03,W
022D:  ANDLW  1F
022E:  MOVWF  03
022F:  MOVLW  66
0230:  MOVWF  23
0231:  MOVWF  22
0232:  MOVWF  21
0233:  MOVLW  7E
0234:  MOVWF  20
0235:  MOVLW  07
0236:  MOVWF  1F
0237:  BCF    03.7
....................    set_tris_a(0xFF); //TODOS ENTRADAS 
0238:  MOVLW  FF
0239:  BSF    03.5
023A:  MOVWF  05
....................    set_tris_b(0x00); //TODOS PINES SALIDAS DIGITALES 
023B:  MOVLW  00
023C:  MOVWF  06
....................     
....................    setup_comparator(NC_NC_NC_NC); 
023D:  MOVLW  07
023E:  BCF    03.5
023F:  MOVWF  1F
0240:  BSF    03.5
0241:  MOVF   05,W
0242:  MOVWF  05
0243:  MOVLW  10
0244:  MOVWF  77
0245:  DECFSZ 77,F
0246:  GOTO   245
0247:  NOP
0248:  BCF    03.5
0249:  MOVF   1F,W
024A:  BCF    0C.6
....................    setup_vref(FALSE); 
024B:  BSF    03.5
024C:  CLRF   1F
....................     
....................    portb = display[2];  
024D:  MOVLW  5B
024E:  BCF    03.5
024F:  MOVWF  06
....................    BIT_SET(LED); 
0250:  BSF    06.7
....................    delay_ms(500);    
0251:  MOVLW  02
0252:  MOVWF  25
0253:  MOVLW  FA
0254:  MOVWF  26
0255:  CALL   004
0256:  DECFSZ 25,F
0257:  GOTO   253
....................    BIT_CLEAR(LED);    
0258:  BCF    06.7
....................    delay_ms(500); 
0259:  MOVLW  02
025A:  MOVWF  25
025B:  MOVLW  FA
025C:  MOVWF  26
025D:  CALL   004
025E:  DECFSZ 25,F
025F:  GOTO   25B
....................    portb = display[1];  
0260:  MOVLW  06
0261:  MOVWF  06
....................    BIT_SET(LED);    
0262:  BSF    06.7
....................    delay_ms(500);    
0263:  MOVLW  02
0264:  MOVWF  25
0265:  MOVLW  FA
0266:  MOVWF  26
0267:  CALL   004
0268:  DECFSZ 25,F
0269:  GOTO   265
....................    BIT_CLEAR(LED);    
026A:  BCF    06.7
....................    delay_ms(500); 
026B:  MOVLW  02
026C:  MOVWF  25
026D:  MOVLW  FA
026E:  MOVWF  26
026F:  CALL   004
0270:  DECFSZ 25,F
0271:  GOTO   26D
....................    portb = display[0];  
0272:  MOVLW  3F
0273:  MOVWF  06
....................    BIT_SET(LED);    
0274:  BSF    06.7
....................    delay_ms(500); 
0275:  MOVLW  02
0276:  MOVWF  25
0277:  MOVLW  FA
0278:  MOVWF  26
0279:  CALL   004
027A:  DECFSZ 25,F
027B:  GOTO   277
....................    BIT_CLEAR(LED);    
027C:  BCF    06.7
....................    delay_ms(500); 
027D:  MOVLW  02
027E:  MOVWF  25
027F:  MOVLW  FA
0280:  MOVWF  26
0281:  CALL   004
0282:  DECFSZ 25,F
0283:  GOTO   27F
....................    while(true){    
....................       onTime = (int)(duty*50);     
0284:  MOVF   23,W
0285:  MOVWF  28
0286:  MOVF   22,W
0287:  MOVWF  27
0288:  MOVF   21,W
0289:  MOVWF  26
028A:  MOVF   20,W
028B:  MOVWF  25
028C:  CLRF   2C
028D:  CLRF   2B
028E:  MOVLW  48
028F:  MOVWF  2A
0290:  MOVLW  84
0291:  MOVWF  29
0292:  GOTO   018
0293:  MOVF   7A,W
0294:  MOVWF  28
0295:  MOVF   79,W
0296:  MOVWF  27
0297:  MOVF   78,W
0298:  MOVWF  26
0299:  MOVF   77,W
029A:  MOVWF  25
029B:  GOTO   08D
029C:  MOVF   78,W
029D:  MOVWF  24
....................       BIT_SET(LED); 
029E:  BSF    06.7
....................       delay_ms(onTime); 
029F:  MOVF   24,W
02A0:  MOVWF  26
02A1:  CALL   004
....................       BIT_CLEAR(LED);        
02A2:  BCF    06.7
....................       delay_ms(50-onTime);                
02A3:  MOVF   24,W
02A4:  SUBLW  32
02A5:  MOVWF  25
02A6:  MOVWF  26
02A7:  CALL   004
....................          if(!BIT_TEST(SW1) && duty<=0.90){ 
02A8:  BTFSC  05.0
02A9:  GOTO   2D7
02AA:  MOVF   23,W
02AB:  MOVWF  28
02AC:  MOVF   22,W
02AD:  MOVWF  27
02AE:  MOVF   21,W
02AF:  MOVWF  26
02B0:  MOVF   20,W
02B1:  MOVWF  25
02B2:  MOVLW  66
02B3:  MOVWF  2C
02B4:  MOVWF  2B
02B5:  MOVWF  2A
02B6:  MOVLW  7E
02B7:  MOVWF  29
02B8:  CALL   0AC
02B9:  BTFSC  03.0
02BA:  GOTO   2BD
02BB:  BTFSS  03.2
02BC:  GOTO   2D7
....................            duty+=0.01;   
02BD:  BCF    03.1
02BE:  MOVF   23,W
02BF:  MOVWF  28
02C0:  MOVF   22,W
02C1:  MOVWF  27
02C2:  MOVF   21,W
02C3:  MOVWF  26
02C4:  MOVF   20,W
02C5:  MOVWF  25
02C6:  MOVLW  0A
02C7:  MOVWF  2C
02C8:  MOVLW  D7
02C9:  MOVWF  2B
02CA:  MOVLW  23
02CB:  MOVWF  2A
02CC:  MOVLW  78
02CD:  MOVWF  29
02CE:  CALL   0EB
02CF:  MOVF   7A,W
02D0:  MOVWF  23
02D1:  MOVF   79,W
02D2:  MOVWF  22
02D3:  MOVF   78,W
02D4:  MOVWF  21
02D5:  MOVF   77,W
02D6:  MOVWF  20
....................          } 
....................          if(!BIT_TEST(SW2) && duty>=0.10){          
02D7:  BTFSC  05.1
02D8:  GOTO   308
02D9:  MOVLW  CD
02DA:  MOVWF  28
02DB:  MOVLW  CC
02DC:  MOVWF  27
02DD:  MOVLW  4C
02DE:  MOVWF  26
02DF:  MOVLW  7B
02E0:  MOVWF  25
02E1:  MOVF   23,W
02E2:  MOVWF  2C
02E3:  MOVF   22,W
02E4:  MOVWF  2B
02E5:  MOVF   21,W
02E6:  MOVWF  2A
02E7:  MOVF   20,W
02E8:  MOVWF  29
02E9:  CALL   0AC
02EA:  BTFSC  03.0
02EB:  GOTO   2EE
02EC:  BTFSS  03.2
02ED:  GOTO   308
....................             duty-=0.01;             
02EE:  BSF    03.1
02EF:  MOVF   23,W
02F0:  MOVWF  28
02F1:  MOVF   22,W
02F2:  MOVWF  27
02F3:  MOVF   21,W
02F4:  MOVWF  26
02F5:  MOVF   20,W
02F6:  MOVWF  25
02F7:  MOVLW  0A
02F8:  MOVWF  2C
02F9:  MOVLW  D7
02FA:  MOVWF  2B
02FB:  MOVLW  23
02FC:  MOVWF  2A
02FD:  MOVLW  78
02FE:  MOVWF  29
02FF:  CALL   0EB
0300:  MOVF   7A,W
0301:  MOVWF  23
0302:  MOVF   79,W
0303:  MOVWF  22
0304:  MOVF   78,W
0305:  MOVWF  21
0306:  MOVF   77,W
0307:  MOVWF  20
....................          } 
....................          if(duty>=0.09 && duty<=0.10){ 
0308:  MOVLW  EC
0309:  MOVWF  28
030A:  MOVLW  51
030B:  MOVWF  27
030C:  MOVLW  38
030D:  MOVWF  26
030E:  MOVLW  7B
030F:  MOVWF  25
0310:  MOVF   23,W
0311:  MOVWF  2C
0312:  MOVF   22,W
0313:  MOVWF  2B
0314:  MOVF   21,W
0315:  MOVWF  2A
0316:  MOVF   20,W
0317:  MOVWF  29
0318:  CALL   0AC
0319:  BTFSC  03.0
031A:  GOTO   31D
031B:  BTFSS  03.2
031C:  GOTO   334
031D:  MOVF   23,W
031E:  MOVWF  28
031F:  MOVF   22,W
0320:  MOVWF  27
0321:  MOVF   21,W
0322:  MOVWF  26
0323:  MOVF   20,W
0324:  MOVWF  25
0325:  MOVLW  CD
0326:  MOVWF  2C
0327:  MOVLW  CC
0328:  MOVWF  2B
0329:  MOVLW  4C
032A:  MOVWF  2A
032B:  MOVLW  7B
032C:  MOVWF  29
032D:  CALL   0AC
032E:  BTFSC  03.0
032F:  GOTO   332
0330:  BTFSS  03.2
0331:  GOTO   334
....................             portb = display[9]; 
0332:  MOVLW  67
0333:  MOVWF  06
....................          } 
....................          if(duty>=0.19 && duty<=0.20){ 
0334:  MOVLW  5C
0335:  MOVWF  28
0336:  MOVLW  8F
0337:  MOVWF  27
0338:  MOVLW  42
0339:  MOVWF  26
033A:  MOVLW  7C
033B:  MOVWF  25
033C:  MOVF   23,W
033D:  MOVWF  2C
033E:  MOVF   22,W
033F:  MOVWF  2B
0340:  MOVF   21,W
0341:  MOVWF  2A
0342:  MOVF   20,W
0343:  MOVWF  29
0344:  CALL   0AC
0345:  BTFSC  03.0
0346:  GOTO   349
0347:  BTFSS  03.2
0348:  GOTO   360
0349:  MOVF   23,W
034A:  MOVWF  28
034B:  MOVF   22,W
034C:  MOVWF  27
034D:  MOVF   21,W
034E:  MOVWF  26
034F:  MOVF   20,W
0350:  MOVWF  25
0351:  MOVLW  CD
0352:  MOVWF  2C
0353:  MOVLW  CC
0354:  MOVWF  2B
0355:  MOVLW  4C
0356:  MOVWF  2A
0357:  MOVLW  7C
0358:  MOVWF  29
0359:  CALL   0AC
035A:  BTFSC  03.0
035B:  GOTO   35E
035C:  BTFSS  03.2
035D:  GOTO   360
....................             portb = display[8]; 
035E:  MOVLW  7F
035F:  MOVWF  06
....................          } 
....................          if(duty>=0.29 && duty<=0.30){ 
0360:  MOVLW  E1
0361:  MOVWF  28
0362:  MOVLW  7A
0363:  MOVWF  27
0364:  MOVLW  14
0365:  MOVWF  26
0366:  MOVLW  7D
0367:  MOVWF  25
0368:  MOVF   23,W
0369:  MOVWF  2C
036A:  MOVF   22,W
036B:  MOVWF  2B
036C:  MOVF   21,W
036D:  MOVWF  2A
036E:  MOVF   20,W
036F:  MOVWF  29
0370:  CALL   0AC
0371:  BTFSC  03.0
0372:  GOTO   375
0373:  BTFSS  03.2
0374:  GOTO   38C
0375:  MOVF   23,W
0376:  MOVWF  28
0377:  MOVF   22,W
0378:  MOVWF  27
0379:  MOVF   21,W
037A:  MOVWF  26
037B:  MOVF   20,W
037C:  MOVWF  25
037D:  MOVLW  9A
037E:  MOVWF  2C
037F:  MOVLW  99
0380:  MOVWF  2B
0381:  MOVLW  19
0382:  MOVWF  2A
0383:  MOVLW  7D
0384:  MOVWF  29
0385:  CALL   0AC
0386:  BTFSC  03.0
0387:  GOTO   38A
0388:  BTFSS  03.2
0389:  GOTO   38C
....................             portb = display[7]; 
038A:  MOVLW  07
038B:  MOVWF  06
....................          } 
....................          if(duty>=0.39 && duty<=0.40){ 
038C:  MOVLW  14
038D:  MOVWF  28
038E:  MOVLW  AE
038F:  MOVWF  27
0390:  MOVLW  47
0391:  MOVWF  26
0392:  MOVLW  7D
0393:  MOVWF  25
0394:  MOVF   23,W
0395:  MOVWF  2C
0396:  MOVF   22,W
0397:  MOVWF  2B
0398:  MOVF   21,W
0399:  MOVWF  2A
039A:  MOVF   20,W
039B:  MOVWF  29
039C:  CALL   0AC
039D:  BTFSC  03.0
039E:  GOTO   3A1
039F:  BTFSS  03.2
03A0:  GOTO   3B8
03A1:  MOVF   23,W
03A2:  MOVWF  28
03A3:  MOVF   22,W
03A4:  MOVWF  27
03A5:  MOVF   21,W
03A6:  MOVWF  26
03A7:  MOVF   20,W
03A8:  MOVWF  25
03A9:  MOVLW  CD
03AA:  MOVWF  2C
03AB:  MOVLW  CC
03AC:  MOVWF  2B
03AD:  MOVLW  4C
03AE:  MOVWF  2A
03AF:  MOVLW  7D
03B0:  MOVWF  29
03B1:  CALL   0AC
03B2:  BTFSC  03.0
03B3:  GOTO   3B6
03B4:  BTFSS  03.2
03B5:  GOTO   3B8
....................             portb = display[6]; 
03B6:  MOVLW  7D
03B7:  MOVWF  06
....................          } 
....................          if(duty>=0.49 && duty<=0.50){ 
03B8:  MOVLW  48
03B9:  MOVWF  28
03BA:  MOVLW  E1
03BB:  MOVWF  27
03BC:  MOVLW  7A
03BD:  MOVWF  26
03BE:  MOVLW  7D
03BF:  MOVWF  25
03C0:  MOVF   23,W
03C1:  MOVWF  2C
03C2:  MOVF   22,W
03C3:  MOVWF  2B
03C4:  MOVF   21,W
03C5:  MOVWF  2A
03C6:  MOVF   20,W
03C7:  MOVWF  29
03C8:  CALL   0AC
03C9:  BTFSC  03.0
03CA:  GOTO   3CD
03CB:  BTFSS  03.2
03CC:  GOTO   3E1
03CD:  MOVF   23,W
03CE:  MOVWF  28
03CF:  MOVF   22,W
03D0:  MOVWF  27
03D1:  MOVF   21,W
03D2:  MOVWF  26
03D3:  MOVF   20,W
03D4:  MOVWF  25
03D5:  CLRF   2C
03D6:  CLRF   2B
03D7:  CLRF   2A
03D8:  MOVLW  7E
03D9:  MOVWF  29
03DA:  CALL   0AC
03DB:  BTFSC  03.0
03DC:  GOTO   3DF
03DD:  BTFSS  03.2
03DE:  GOTO   3E1
....................             portb = display[5]; 
03DF:  MOVLW  6D
03E0:  MOVWF  06
....................          } 
....................          if(duty>=0.59 && duty<=0.60){ 
03E1:  MOVLW  3D
03E2:  MOVWF  28
03E3:  MOVLW  0A
03E4:  MOVWF  27
03E5:  MOVLW  17
03E6:  MOVWF  26
03E7:  MOVLW  7E
03E8:  MOVWF  25
03E9:  MOVF   23,W
03EA:  MOVWF  2C
03EB:  MOVF   22,W
03EC:  MOVWF  2B
03ED:  MOVF   21,W
03EE:  MOVWF  2A
03EF:  MOVF   20,W
03F0:  MOVWF  29
03F1:  CALL   0AC
03F2:  BTFSC  03.0
03F3:  GOTO   3F6
03F4:  BTFSS  03.2
03F5:  GOTO   40D
03F6:  MOVF   23,W
03F7:  MOVWF  28
03F8:  MOVF   22,W
03F9:  MOVWF  27
03FA:  MOVF   21,W
03FB:  MOVWF  26
03FC:  MOVF   20,W
03FD:  MOVWF  25
03FE:  MOVLW  9A
03FF:  MOVWF  2C
0400:  MOVLW  99
0401:  MOVWF  2B
0402:  MOVLW  19
0403:  MOVWF  2A
0404:  MOVLW  7E
0405:  MOVWF  29
0406:  CALL   0AC
0407:  BTFSC  03.0
0408:  GOTO   40B
0409:  BTFSS  03.2
040A:  GOTO   40D
....................             portb = display[4]; 
040B:  MOVLW  66
040C:  MOVWF  06
....................          } 
....................          if(duty>=0.69 && duty<=0.70){ 
040D:  MOVLW  D7
040E:  MOVWF  28
040F:  MOVLW  A3
0410:  MOVWF  27
0411:  MOVLW  30
0412:  MOVWF  26
0413:  MOVLW  7E
0414:  MOVWF  25
0415:  MOVF   23,W
0416:  MOVWF  2C
0417:  MOVF   22,W
0418:  MOVWF  2B
0419:  MOVF   21,W
041A:  MOVWF  2A
041B:  MOVF   20,W
041C:  MOVWF  29
041D:  CALL   0AC
041E:  BTFSC  03.0
041F:  GOTO   422
0420:  BTFSS  03.2
0421:  GOTO   437
0422:  MOVF   23,W
0423:  MOVWF  28
0424:  MOVF   22,W
0425:  MOVWF  27
0426:  MOVF   21,W
0427:  MOVWF  26
0428:  MOVF   20,W
0429:  MOVWF  25
042A:  MOVLW  33
042B:  MOVWF  2C
042C:  MOVWF  2B
042D:  MOVWF  2A
042E:  MOVLW  7E
042F:  MOVWF  29
0430:  CALL   0AC
0431:  BTFSC  03.0
0432:  GOTO   435
0433:  BTFSS  03.2
0434:  GOTO   437
....................             portb = display[3]; 
0435:  MOVLW  4F
0436:  MOVWF  06
....................          } 
....................          if(duty>=0.79 && duty<=0.80){ 
0437:  MOVLW  71
0438:  MOVWF  28
0439:  MOVLW  3D
043A:  MOVWF  27
043B:  MOVLW  4A
043C:  MOVWF  26
043D:  MOVLW  7E
043E:  MOVWF  25
043F:  MOVF   23,W
0440:  MOVWF  2C
0441:  MOVF   22,W
0442:  MOVWF  2B
0443:  MOVF   21,W
0444:  MOVWF  2A
0445:  MOVF   20,W
0446:  MOVWF  29
0447:  CALL   0AC
0448:  BTFSC  03.0
0449:  GOTO   44C
044A:  BTFSS  03.2
044B:  GOTO   463
044C:  MOVF   23,W
044D:  MOVWF  28
044E:  MOVF   22,W
044F:  MOVWF  27
0450:  MOVF   21,W
0451:  MOVWF  26
0452:  MOVF   20,W
0453:  MOVWF  25
0454:  MOVLW  CD
0455:  MOVWF  2C
0456:  MOVLW  CC
0457:  MOVWF  2B
0458:  MOVLW  4C
0459:  MOVWF  2A
045A:  MOVLW  7E
045B:  MOVWF  29
045C:  CALL   0AC
045D:  BTFSC  03.0
045E:  GOTO   461
045F:  BTFSS  03.2
0460:  GOTO   463
....................             portb = display[2]; 
0461:  MOVLW  5B
0462:  MOVWF  06
....................          } 
....................          if(duty>=0.89 && duty<=0.90){ 
0463:  MOVLW  0A
0464:  MOVWF  28
0465:  MOVLW  D7
0466:  MOVWF  27
0467:  MOVLW  63
0468:  MOVWF  26
0469:  MOVLW  7E
046A:  MOVWF  25
046B:  MOVF   23,W
046C:  MOVWF  2C
046D:  MOVF   22,W
046E:  MOVWF  2B
046F:  MOVF   21,W
0470:  MOVWF  2A
0471:  MOVF   20,W
0472:  MOVWF  29
0473:  CALL   0AC
0474:  BTFSC  03.0
0475:  GOTO   478
0476:  BTFSS  03.2
0477:  GOTO   48D
0478:  MOVF   23,W
0479:  MOVWF  28
047A:  MOVF   22,W
047B:  MOVWF  27
047C:  MOVF   21,W
047D:  MOVWF  26
047E:  MOVF   20,W
047F:  MOVWF  25
0480:  MOVLW  66
0481:  MOVWF  2C
0482:  MOVWF  2B
0483:  MOVWF  2A
0484:  MOVLW  7E
0485:  MOVWF  29
0486:  CALL   0AC
0487:  BTFSC  03.0
0488:  GOTO   48B
0489:  BTFSS  03.2
048A:  GOTO   48D
....................             portb = display[1]; 
048B:  MOVLW  06
048C:  MOVWF  06
....................          }           
048D:  GOTO   284
....................    } 
.................... } 
....................  
048E:  SLEEP
....................  
....................  

Configuration Fuses:
   Word  1: 3F2A   NOWDT NOPUT HS MCLR NOBROWNOUT NOLVP NOCPD NOPROTECT
